Archive member included to satisfy reference by file (symbol)

/Users/moizqureshi/gcc-arm-none-eabi-6-2017-q1-update/bin/../lib/gcc/arm-none-eabi/6.3.1/../../../../arm-none-eabi/lib/thumb/v7e-m/fpv4-sp/hard/libc_nano.a(lib_a-exit.o)
                              /Users/moizqureshi/gcc-arm-none-eabi-6-2017-q1-update/bin/../lib/gcc/arm-none-eabi/6.3.1/../../../../arm-none-eabi/lib/thumb/v7e-m/fpv4-sp/hard/crt0.o (exit)
/Users/moizqureshi/gcc-arm-none-eabi-6-2017-q1-update/bin/../lib/gcc/arm-none-eabi/6.3.1/../../../../arm-none-eabi/lib/thumb/v7e-m/fpv4-sp/hard/libc_nano.a(lib_a-impure.o)
                              /Users/moizqureshi/gcc-arm-none-eabi-6-2017-q1-update/bin/../lib/gcc/arm-none-eabi/6.3.1/../../../../arm-none-eabi/lib/thumb/v7e-m/fpv4-sp/hard/libc_nano.a(lib_a-exit.o) (_global_impure_ptr)
/Users/moizqureshi/gcc-arm-none-eabi-6-2017-q1-update/bin/../lib/gcc/arm-none-eabi/6.3.1/../../../../arm-none-eabi/lib/thumb/v7e-m/fpv4-sp/hard/libc_nano.a(lib_a-init.o)
                              /Users/moizqureshi/gcc-arm-none-eabi-6-2017-q1-update/bin/../lib/gcc/arm-none-eabi/6.3.1/../../../../arm-none-eabi/lib/thumb/v7e-m/fpv4-sp/hard/crt0.o (__libc_init_array)
/Users/moizqureshi/gcc-arm-none-eabi-6-2017-q1-update/bin/../lib/gcc/arm-none-eabi/6.3.1/../../../../arm-none-eabi/lib/thumb/v7e-m/fpv4-sp/hard/libc_nano.a(lib_a-memset.o)
                              /Users/moizqureshi/gcc-arm-none-eabi-6-2017-q1-update/bin/../lib/gcc/arm-none-eabi/6.3.1/../../../../arm-none-eabi/lib/thumb/v7e-m/fpv4-sp/hard/crt0.o (memset)
/Users/moizqureshi/gcc-arm-none-eabi-6-2017-q1-update/bin/../lib/gcc/arm-none-eabi/6.3.1/../../../../arm-none-eabi/lib/thumb/v7e-m/fpv4-sp/hard/libnosys.a(_exit.o)
                              /Users/moizqureshi/gcc-arm-none-eabi-6-2017-q1-update/bin/../lib/gcc/arm-none-eabi/6.3.1/../../../../arm-none-eabi/lib/thumb/v7e-m/fpv4-sp/hard/libc_nano.a(lib_a-exit.o) (_exit)
/Users/moizqureshi/gcc-arm-none-eabi-6-2017-q1-update/bin/../lib/gcc/arm-none-eabi/6.3.1/thumb/v7e-m/fpv4-sp/hard/libgcc.a(_aeabi_uldivmod.o)
                              _build/nrf52832_xxaa_bsp.c.o (__aeabi_uldivmod)
/Users/moizqureshi/gcc-arm-none-eabi-6-2017-q1-update/bin/../lib/gcc/arm-none-eabi/6.3.1/thumb/v7e-m/fpv4-sp/hard/libgcc.a(_udivmoddi4.o)
                              /Users/moizqureshi/gcc-arm-none-eabi-6-2017-q1-update/bin/../lib/gcc/arm-none-eabi/6.3.1/thumb/v7e-m/fpv4-sp/hard/libgcc.a(_aeabi_uldivmod.o) (__udivmoddi4)
/Users/moizqureshi/gcc-arm-none-eabi-6-2017-q1-update/bin/../lib/gcc/arm-none-eabi/6.3.1/thumb/v7e-m/fpv4-sp/hard/libgcc.a(_dvmd_tls.o)
                              /Users/moizqureshi/gcc-arm-none-eabi-6-2017-q1-update/bin/../lib/gcc/arm-none-eabi/6.3.1/thumb/v7e-m/fpv4-sp/hard/libgcc.a(_aeabi_uldivmod.o) (__aeabi_ldiv0)
/Users/moizqureshi/gcc-arm-none-eabi-6-2017-q1-update/bin/../lib/gcc/arm-none-eabi/6.3.1/../../../../arm-none-eabi/lib/thumb/v7e-m/fpv4-sp/hard/libc_nano.a(lib_a-locale.o)
                              _build/nrf52832_xxaa_nrf_log_backend_serial.c.o (__locale_ctype_ptr)
/Users/moizqureshi/gcc-arm-none-eabi-6-2017-q1-update/bin/../lib/gcc/arm-none-eabi/6.3.1/../../../../arm-none-eabi/lib/thumb/v7e-m/fpv4-sp/hard/libc_nano.a(lib_a-mbtowc_r.o)
                              /Users/moizqureshi/gcc-arm-none-eabi-6-2017-q1-update/bin/../lib/gcc/arm-none-eabi/6.3.1/../../../../arm-none-eabi/lib/thumb/v7e-m/fpv4-sp/hard/libc_nano.a(lib_a-locale.o) (__ascii_mbtowc)
/Users/moizqureshi/gcc-arm-none-eabi-6-2017-q1-update/bin/../lib/gcc/arm-none-eabi/6.3.1/../../../../arm-none-eabi/lib/thumb/v7e-m/fpv4-sp/hard/libc_nano.a(lib_a-memcmp.o)
                              _build/nrf52832_xxaa_id_manager.c.o (memcmp)
/Users/moizqureshi/gcc-arm-none-eabi-6-2017-q1-update/bin/../lib/gcc/arm-none-eabi/6.3.1/../../../../arm-none-eabi/lib/thumb/v7e-m/fpv4-sp/hard/libc_nano.a(lib_a-memcpy-stub.o)
                              _build/nrf52832_xxaa_nrf_log_backend_serial.c.o (memcpy)
/Users/moizqureshi/gcc-arm-none-eabi-6-2017-q1-update/bin/../lib/gcc/arm-none-eabi/6.3.1/../../../../arm-none-eabi/lib/thumb/v7e-m/fpv4-sp/hard/libc_nano.a(lib_a-snprintf.o)
                              _build/nrf52832_xxaa_nrf_log_backend_serial.c.o (snprintf)
/Users/moizqureshi/gcc-arm-none-eabi-6-2017-q1-update/bin/../lib/gcc/arm-none-eabi/6.3.1/../../../../arm-none-eabi/lib/thumb/v7e-m/fpv4-sp/hard/libc_nano.a(lib_a-strcmp.o)
                              /Users/moizqureshi/gcc-arm-none-eabi-6-2017-q1-update/bin/../lib/gcc/arm-none-eabi/6.3.1/../../../../arm-none-eabi/lib/thumb/v7e-m/fpv4-sp/hard/libc_nano.a(lib_a-locale.o) (strcmp)
/Users/moizqureshi/gcc-arm-none-eabi-6-2017-q1-update/bin/../lib/gcc/arm-none-eabi/6.3.1/../../../../arm-none-eabi/lib/thumb/v7e-m/fpv4-sp/hard/libc_nano.a(lib_a-strcpy.o)
                              _build/nrf52832_xxaa_SEGGER_RTT.c.o (strcpy)
[...]
Memory Configuration

Name             Origin             Length             Attributes
FLASH            0x000000000001f000 0x0000000000061000 xr
RAM              0x0000000020001fc0 0x000000000000e040 xrw
*default*        0x0000000000000000 0xffffffffffffffff

Linker script and memory map


.text           0x000000000001f000     0xc210
 *(.isr_vector)
 .isr_vector    0x000000000001f000      0x200 _build/nrf52832_xxaa_gcc_startup_nrf52.S.o
                0x000000000001f000                __isr_vector
 *(.text*)
 .text          0x000000000001f200       0x6c /Users/moizqureshi/gcc-arm-none-eabi-6-2017-q1-update/bin/../lib/gcc/arm-none-eabi/6.3.1/thumb/v7e-m/fpv4-sp/hard/crtbegin.o
 .text          0x000000000001f26c       0x74 /Users/moizqureshi/gcc-arm-none-eabi-6-2017-q1-update/bin/../lib/gcc/arm-none-eabi/6.3.1/../../../../arm-none-eabi/lib/thumb/v7e-m/fpv4-sp/hard/crt0.o
                0x000000000001f26c                _mainCRTStartup
                0x000000000001f26c                _start
 .text.exit     0x000000000001f2e0       0x28 /Users/moizqureshi/gcc-arm-none-eabi-6-2017-q1-update/bin/../lib/gcc/arm-none-eabi/6.3.1/../../../../arm-none-eabi/lib/thumb/v7e-m/fpv4-sp/hard/libc_nano.a(lib_a-exit.o)
                0x000000000001f2e0                exit
 .text.__libc_init_array
                0x000000000001f308       0x48 /Users/moizqureshi/gcc-arm-none-eabi-6-2017-q1-update/bin/../lib/gcc/arm-none-eabi/6.3.1/../../../../arm-none-eabi/lib/thumb/v7e-m/fpv4-sp/hard/libc_nano.a(lib_a-init.o)
                0x000000000001f308                __libc_init_array
 .text.memset   0x000000000001f350       0x10 /Users/moizqureshi/gcc-arm-none-eabi-6-2017-q1-update/bin/../lib/gcc/arm-none-eabi/6.3.1/../../../../arm-none-eabi/lib/thumb/v7e-m/fpv4-sp/hard/libc_nano.a(lib_a-memset.o)
                0x000000000001f350                memset
 .text._exit    0x000000000001f360        0x4 /Users/moizqureshi/gcc-arm-none-eabi-6-2017-q1-update/bin/../lib/gcc/arm-none-eabi/6.3.1/../../../../arm-none-eabi/lib/thumb/v7e-m/fpv4-sp/hard/libnosys.a(_exit.o)
                0x000000000001f360                _exit
 .text.uart_event_handler
                0x000000000001f364       0x10 _build/nrf52832_xxaa_nrf_log_backend_serial.c.o
 .text.nrf_log_backend_serial_hexdump_handler
                0x000000000001f374      0x25c _build/nrf52832_xxaa_nrf_log_backend_serial.c.o
 .text.nrf_log_backend_serial_std_handler
                0x000000000001f5d0      0x1a4 _build/nrf52832_xxaa_nrf_log_backend_serial.c.o
 .text.nrf_log_backend_init
                0x000000000001f774       0x74 _build/nrf52832_xxaa_nrf_log_backend_serial.c.o
                0x000000000001f774                nrf_log_backend_init
 .text.nrf_log_backend_std_handler_get
                0x000000000001f7e8        0x8 _build/nrf52832_xxaa_nrf_log_backend_serial.c.o
                0x000000000001f7e8                nrf_log_backend_std_handler_get
 .text.nrf_log_backend_hexdump_handler_get
                0x000000000001f7f0        0x8 _build/nrf52832_xxaa_nrf_log_backend_serial.c.o
                0x000000000001f7f0                nrf_log_backend_hexdump_handler_get
 .text.nrf_log_init
                0x000000000001f7f8       0x30 _build/nrf52832_xxaa_nrf_log_frontend.c.o
                0x000000000001f7f8                nrf_log_init
 .text.nrf_log_blocking_backend_set
                0x000000000001f828        0x8 _build/nrf52832_xxaa_nrf_log_frontend.c.o
                0x000000000001f828                nrf_log_blocking_backend_set
 .text.nrf_log_frontend_std_0
                0x000000000001f830       0xb0 _build/nrf52832_xxaa_nrf_log_frontend.c.o
                0x000000000001f830                nrf_log_frontend_std_0
 .text.nrf_log_frontend_std_1
                0x000000000001f8e0       0xbc _build/nrf52832_xxaa_nrf_log_frontend.c.o
                0x000000000001f8e0                nrf_log_frontend_std_1
 .text.nrf_log_frontend_std_2
                0x000000000001f99c       0xcc _build/nrf52832_xxaa_nrf_log_frontend.c.o
                0x000000000001f99c                nrf_log_frontend_std_2
 .text.nrf_log_frontend_std_3
                0x000000000001fa68       0xdc _build/nrf52832_xxaa_nrf_log_frontend.c.o
                0x000000000001fa68                nrf_log_frontend_std_3
 .text.nrf_log_frontend_dequeue
                0x000000000001fb44      0x14c _build/nrf52832_xxaa_nrf_log_frontend.c.o
                0x000000000001fb44                nrf_log_frontend_dequeue
 .text.detection_delay_timeout_handler
                0x000000000001fc90       0xac _build/nrf52832_xxaa_app_button.c.o
 .text.gpiote_event_handler
                0x000000000001fd3c       0x5c _build/nrf52832_xxaa_app_button.c.o
 .text.app_button_init
                0x000000000001fd98       0xb4 _build/nrf52832_xxaa_app_button.c.o
                0x000000000001fd98                app_button_init
 .text.app_button_enable
                0x000000000001fe4c       0x2c _build/nrf52832_xxaa_app_button.c.o
                0x000000000001fe4c                app_button_enable
 .text.app_error_handler_bare
                0x000000000001fe78       0x20 _build/nrf52832_xxaa_app_error.c.o
                0x000000000001fe78                app_error_handler_bare
 .text.app_error_fault_handler
                0x000000000001fe98       0x48 _build/nrf52832_xxaa_app_error_weak.c.o
                0x000000000001fe98                app_error_fault_handler
 .text.RTC1_IRQHandler
                0x000000000001fee0       0xa0 _build/nrf52832_xxaa_app_timer.c.o
                0x000000000001fee0                RTC1_IRQHandler
 .text.SWI0_EGU0_IRQHandler
                0x000000000001ff80      0x654 _build/nrf52832_xxaa_app_timer.c.o
                0x000000000001ff80                SWI0_EGU0_IRQHandler
 .text.app_timer_init
                0x00000000000205d4      0x184 _build/nrf52832_xxaa_app_timer.c.o
                0x00000000000205d4                app_timer_init
 .text.app_timer_create
                0x0000000000020758       0x24 _build/nrf52832_xxaa_app_timer.c.o
                0x0000000000020758                app_timer_create
 .text.app_timer_start
                0x000000000002077c       0xac _build/nrf52832_xxaa_app_timer.c.o
                0x000000000002077c                app_timer_start
 .text.app_timer_stop
                0x0000000000020828       0x78 _build/nrf52832_xxaa_app_timer.c.o
                0x0000000000020828                app_timer_stop
 .text.app_util_critical_region_enter
                0x00000000000208a0       0x4c _build/nrf52832_xxaa_app_util_platform.c.o
                0x00000000000208a0                app_util_critical_region_enter
 .text.app_util_critical_region_exit
                0x00000000000208ec       0x30 _build/nrf52832_xxaa_app_util_platform.c.o
                0x00000000000208ec                app_util_critical_region_exit
 .text.gc_record_find_next
                0x000000000002091c       0xc0 _build/nrf52832_xxaa_fds.c.o
 .text.record_find_by_desc
                0x00000000000209dc       0xe0 _build/nrf52832_xxaa_fds.c.o
 .text.record_find.part.3
                0x0000000000020abc       0xc0 _build/nrf52832_xxaa_fds.c.o
 .text.queue_process
                0x0000000000020b7c      0x824 _build/nrf52832_xxaa_fds.c.o
 .text.fs_event_handler
                0x00000000000213a0        0x8 _build/nrf52832_xxaa_fds.c.o
 .text.write_enqueue.part.7
                0x00000000000213a8      0x1e4 _build/nrf52832_xxaa_fds.c.o
 .text.fds_register
                0x000000000002158c       0x28 _build/nrf52832_xxaa_fds.c.o
                0x000000000002158c                fds_register
 .text.fds_init
                0x00000000000215b4      0x2dc _build/nrf52832_xxaa_fds.c.o
                0x00000000000215b4                fds_init
 .text.fds_record_open
                0x0000000000021890       0x48 _build/nrf52832_xxaa_fds.c.o
                0x0000000000021890                fds_record_open
 .text.fds_record_close
                0x00000000000218d8       0x48 _build/nrf52832_xxaa_fds.c.o
                0x00000000000218d8                fds_record_close
 .text.fds_reserve
                0x0000000000021920       0x80 _build/nrf52832_xxaa_fds.c.o
                0x0000000000021920                fds_reserve
 .text.fds_reserve_cancel
                0x00000000000219a0       0x58 _build/nrf52832_xxaa_fds.c.o
                0x00000000000219a0                fds_reserve_cancel
 .text.fds_record_write
                0x00000000000219f8       0x3c _build/nrf52832_xxaa_fds.c.o
                0x00000000000219f8                fds_record_write
 .text.fds_record_write_reserved
                0x0000000000021a34       0x3c _build/nrf52832_xxaa_fds.c.o
                0x0000000000021a34                fds_record_write_reserved
 .text.fds_record_update
                0x0000000000021a70       0x40 _build/nrf52832_xxaa_fds.c.o
                0x0000000000021a70                fds_record_update
 .text.fds_file_delete
                0x0000000000021ab0       0x74 _build/nrf52832_xxaa_fds.c.o
                0x0000000000021ab0                fds_file_delete
 .text.fds_gc   0x0000000000021b24       0x6c _build/nrf52832_xxaa_fds.c.o
                0x0000000000021b24                fds_gc
 .text.fds_record_find
                0x0000000000021b90       0x38 _build/nrf52832_xxaa_fds.c.o
                0x0000000000021b90                fds_record_find
 .text.fds_record_find_by_key
                0x0000000000021bc8       0x3c _build/nrf52832_xxaa_fds.c.o
                0x0000000000021bc8                fds_record_find_by_key
 .text.fds_record_find_in_file
                0x0000000000021c04       0x3c _build/nrf52832_xxaa_fds.c.o
                0x0000000000021c04                fds_record_find_in_file
 .text.fds_record_id_from_desc
                0x0000000000021c40       0x10 _build/nrf52832_xxaa_fds.c.o
                0x0000000000021c40                fds_record_id_from_desc
 .text.sd_flash_write
                0x0000000000021c50        0x4 _build/nrf52832_xxaa_fstorage.c.o
 .text.sd_flash_page_erase
                0x0000000000021c54        0x4 _build/nrf52832_xxaa_fstorage.c.o
 .text.unlikely.queue_get_next_free
                0x0000000000021c58       0x38 _build/nrf52832_xxaa_fstorage.c.o
 .text.queue_process
                0x0000000000021c90       0xcc _build/nrf52832_xxaa_fstorage.c.o
 .text.fs_init  0x0000000000021d5c       0xb8 _build/nrf52832_xxaa_fstorage.c.o
                0x0000000000021d5c                fs_init
 .text.fs_store
                0x0000000000021e14       0xac _build/nrf52832_xxaa_fstorage.c.o
                0x0000000000021e14                fs_store
 .text.fs_erase
                0x0000000000021ec0       0xa4 _build/nrf52832_xxaa_fstorage.c.o
                0x0000000000021ec0                fs_erase
 .text.fs_queued_op_count_get
                0x0000000000021f64       0x14 _build/nrf52832_xxaa_fstorage.c.o
                0x0000000000021f64                fs_queued_op_count_get
 .text.fs_sys_event_handler
                0x0000000000021f78      0x2e4 _build/nrf52832_xxaa_fstorage.c.o
                0x0000000000021f78                fs_sys_event_handler
 .text.sdk_mapped_flags_first_key_index_get
                0x000000000002225c       0x30 _build/nrf52832_xxaa_sdk_mapped_flags.c.o
                0x000000000002225c                sdk_mapped_flags_first_key_index_get
 .text.sdk_mapped_flags_update_by_key
                0x000000000002228c       0x3c _build/nrf52832_xxaa_sdk_mapped_flags.c.o
                0x000000000002228c                sdk_mapped_flags_update_by_key
 .text.sdk_mapped_flags_bulk_update_by_key
                0x00000000000222c8       0x58 _build/nrf52832_xxaa_sdk_mapped_flags.c.o
                0x00000000000222c8                sdk_mapped_flags_bulk_update_by_key
 .text.sdk_mapped_flags_get_by_key
                0x0000000000022320       0x30 _build/nrf52832_xxaa_sdk_mapped_flags.c.o
                0x0000000000022320                sdk_mapped_flags_get_by_key
 .text.sdk_mapped_flags_key_list_get
                0x0000000000022350       0x34 _build/nrf52832_xxaa_sdk_mapped_flags.c.o
                0x0000000000022350                sdk_mapped_flags_key_list_get
 .text.bsp_board_led_state_get
                0x0000000000022384       0x1c _build/nrf52832_xxaa_boards.c.o
                0x0000000000022384                bsp_board_led_state_get
 .text.bsp_board_led_on
                0x00000000000223a0       0x18 _build/nrf52832_xxaa_boards.c.o
                0x00000000000223a0                bsp_board_led_on
 .text.bsp_board_led_off
                0x00000000000223b8       0x18 _build/nrf52832_xxaa_boards.c.o
                0x00000000000223b8                bsp_board_led_off
 .text.bsp_board_leds_off
                0x00000000000223d0       0x2c _build/nrf52832_xxaa_boards.c.o
                0x00000000000223d0                bsp_board_leds_off
 .text.bsp_board_leds_on
                0x00000000000223fc       0x2c _build/nrf52832_xxaa_boards.c.o
                0x00000000000223fc                bsp_board_leds_on
 .text.bsp_board_led_invert
                0x0000000000022428       0x24 _build/nrf52832_xxaa_boards.c.o
                0x0000000000022428                bsp_board_led_invert
 .text.bsp_board_leds_init
                0x000000000002244c       0x3c _build/nrf52832_xxaa_boards.c.o
                0x000000000002244c                bsp_board_leds_init
 .text.bsp_board_button_state_get
                0x0000000000022488       0x1c _build/nrf52832_xxaa_boards.c.o
                0x0000000000022488                bsp_board_button_state_get
 .text.bsp_board_pin_to_button_idx
                0x00000000000224a4       0x24 _build/nrf52832_xxaa_boards.c.o
                0x00000000000224a4                bsp_board_pin_to_button_idx
 .text.bsp_board_button_idx_to_pin
                0x00000000000224c8        0xc _build/nrf52832_xxaa_boards.c.o
                0x00000000000224c8                bsp_board_button_idx_to_pin
 .text.POWER_CLOCK_IRQHandler
                0x00000000000224d4       0x78 _build/nrf52832_xxaa_nrf_drv_clock.c.o
                0x00000000000224d4                POWER_CLOCK_IRQHandler
 .text.nrf_drv_clock_on_soc_event
                0x000000000002254c       0x20 _build/nrf52832_xxaa_nrf_drv_clock.c.o
                0x000000000002254c                nrf_drv_clock_on_soc_event
 .text.nrf_drv_clock_on_sd_enable
                0x000000000002256c       0x64 _build/nrf52832_xxaa_nrf_drv_clock.c.o
                0x000000000002256c                nrf_drv_clock_on_sd_enable
 .text.nrf_drv_common_irq_enable
                0x00000000000225d0       0x50 _build/nrf52832_xxaa_nrf_drv_common.c.o
                0x00000000000225d0                nrf_drv_common_irq_enable
 .text.nrf_drv_gpiote_init
                0x0000000000022620       0x84 _build/nrf52832_xxaa_nrf_drv_gpiote.c.o
                0x0000000000022620                nrf_drv_gpiote_init
 .text.nrf_drv_gpiote_is_init
                0x00000000000226a4       0x14 _build/nrf52832_xxaa_nrf_drv_gpiote.c.o
                0x00000000000226a4                nrf_drv_gpiote_is_init
 .text.nrf_drv_gpiote_in_init
                0x00000000000226b8      0x180 _build/nrf52832_xxaa_nrf_drv_gpiote.c.o
                0x00000000000226b8                nrf_drv_gpiote_in_init
 .text.nrf_drv_gpiote_in_event_enable
                0x0000000000022838       0xc4 _build/nrf52832_xxaa_nrf_drv_gpiote.c.o
                0x0000000000022838                nrf_drv_gpiote_in_event_enable
 .text.nrf_drv_gpiote_in_is_set
                0x00000000000228fc       0x14 _build/nrf52832_xxaa_nrf_drv_gpiote.c.o
                0x00000000000228fc                nrf_drv_gpiote_in_is_set
 .text.GPIOTE_IRQHandler
                0x0000000000022910      0x528 _build/nrf52832_xxaa_nrf_drv_gpiote.c.o
                0x0000000000022910                GPIOTE_IRQHandler
 .text.nrf_drv_uart_init
                0x0000000000022e38      0x1d8 _build/nrf52832_xxaa_nrf_drv_uart.c.o
                0x0000000000022e38                nrf_drv_uart_init
 .text.nrf_drv_uart_uninit
                0x0000000000023010      0x108 _build/nrf52832_xxaa_nrf_drv_uart.c.o
                0x0000000000023010                nrf_drv_uart_uninit
 .text.nrf_drv_uart_tx
                0x0000000000023118      0x154 _build/nrf52832_xxaa_nrf_drv_uart.c.o
                0x0000000000023118                nrf_drv_uart_tx
 .text.nrf_drv_uart_tx_in_progress
                0x000000000002326c       0x18 _build/nrf52832_xxaa_nrf_drv_uart.c.o
                0x000000000002326c                nrf_drv_uart_tx_in_progress
 .text.UARTE0_UART0_IRQHandler
                0x0000000000023284      0x2f4 _build/nrf52832_xxaa_nrf_drv_uart.c.o
                0x0000000000023284                UARTE0_UART0_IRQHandler
 .text.alert_timer_handler
                0x0000000000023578        0x8 _build/nrf52832_xxaa_bsp.c.o
 .text.bsp_button_event_handler
                0x0000000000023580       0xa4 _build/nrf52832_xxaa_bsp.c.o
 .text.button_timer_handler
                0x0000000000023624       0x30 _build/nrf52832_xxaa_bsp.c.o
 .text.leds_timer_handler
                0x0000000000023654      0x2e8 _build/nrf52832_xxaa_bsp.c.o
 .text.bsp_button_is_pressed
                0x000000000002393c        0x4 _build/nrf52832_xxaa_bsp.c.o
                0x000000000002393c                bsp_button_is_pressed
 .text.bsp_indication_set
                0x0000000000023940      0x32c _build/nrf52832_xxaa_bsp.c.o
                0x0000000000023940                bsp_indication_set
 .text.bsp_init
                0x0000000000023c6c       0xac _build/nrf52832_xxaa_bsp.c.o
                0x0000000000023c6c                bsp_init
 .text.bsp_event_to_button_action_assign
                0x0000000000023d18       0x50 _build/nrf52832_xxaa_bsp.c.o
                0x0000000000023d18                bsp_event_to_button_action_assign
 .text.bsp_wakeup_button_enable
                0x0000000000023d68       0x28 _build/nrf52832_xxaa_bsp.c.o
                0x0000000000023d68                bsp_wakeup_button_enable
 .text.bsp_btn_ble_sleep_mode_prepare
                0x0000000000023d90       0x24 _build/nrf52832_xxaa_bsp_btn_ble.c.o
                0x0000000000023d90                bsp_btn_ble_sleep_mode_prepare
 .text.bsp_btn_ble_on_ble_evt
                0x0000000000023db4       0xb0 _build/nrf52832_xxaa_bsp_btn_ble.c.o
                0x0000000000023db4                bsp_btn_ble_on_ble_evt
 .text.bsp_btn_ble_init
                0x0000000000023e64       0x70 _build/nrf52832_xxaa_bsp_btn_ble.c.o
                0x0000000000023e64                bsp_btn_ble_init
 .text.sd_ble_gap_disconnect
                0x0000000000023ed4        0x4 _build/nrf52832_xxaa_main.c.o
 .text.sd_ble_gap_ppcp_set
                0x0000000000023ed8        0x4 _build/nrf52832_xxaa_main.c.o
 .text.sd_ble_gap_device_name_set
                0x0000000000023edc        0x4 _build/nrf52832_xxaa_main.c.o
 .text.sd_ble_gatts_rw_authorize_reply
                0x0000000000023ee0        0x4 _build/nrf52832_xxaa_main.c.o
 .text.sd_ble_cfg_set
                0x0000000000023ee4        0x4 _build/nrf52832_xxaa_main.c.o
 .text.sd_ble_user_mem_reply
                0x0000000000023ee8        0x4 _build/nrf52832_xxaa_main.c.o
 .text.sd_power_system_off
                0x0000000000023eec        0x4 _build/nrf52832_xxaa_main.c.o
 .text.sd_app_evt_wait
                0x0000000000023ef0        0x4 _build/nrf52832_xxaa_main.c.o
 .text.conn_params_error_handler
                0x0000000000023ef4        0x4 _build/nrf52832_xxaa_main.c.o
 .text.sys_evt_dispatch
                0x0000000000023ef8       0x14 _build/nrf52832_xxaa_main.c.o
 .text.ble_evt_dispatch
                0x0000000000023f0c       0xd8 _build/nrf52832_xxaa_main.c.o
 .text.on_conn_params_evt
                0x0000000000023fe4       0x24 _build/nrf52832_xxaa_main.c.o
 .text.bsp_event_handler
                0x0000000000024008       0x68 _build/nrf52832_xxaa_main.c.o
 .text.pm_evt_handler
                0x0000000000024070       0x94 _build/nrf52832_xxaa_main.c.o
 .text.on_adv_evt
                0x0000000000024104       0x44 _build/nrf52832_xxaa_main.c.o
 .text.startup.main
                0x0000000000024148      0x2a0 _build/nrf52832_xxaa_main.c.o
                0x0000000000024148                main
 .text.sd_ble_gap_addr_get
                0x00000000000243e8        0x4 _build/nrf52832_xxaa_ble_advdata.c.o
 .text.sd_ble_gap_adv_data_set
                0x00000000000243ec        0x4 _build/nrf52832_xxaa_ble_advdata.c.o
 .text.sd_ble_gap_appearance_get
                0x00000000000243f0        0x4 _build/nrf52832_xxaa_ble_advdata.c.o
 .text.sd_ble_gap_device_name_get
                0x00000000000243f4        0x4 _build/nrf52832_xxaa_ble_advdata.c.o
 .text.sd_ble_uuid_encode
                0x00000000000243f8        0x4 _build/nrf52832_xxaa_ble_advdata.c.o
 .text.uuid_list_sized_encode
                0x00000000000243fc       0xe0 _build/nrf52832_xxaa_ble_advdata.c.o
 .text.adv_data_encode
                0x00000000000244dc      0x3fc _build/nrf52832_xxaa_ble_advdata.c.o
                0x00000000000244dc                adv_data_encode
 .text.ble_advdata_set
                0x00000000000248d8      0x4dc _build/nrf52832_xxaa_ble_advdata.c.o
                0x00000000000248d8                ble_advdata_set
 .text.sd_ble_gap_adv_start
                0x0000000000024db4        0x4 _build/nrf52832_xxaa_ble_advertising.c.o
 .text.sd_ble_gap_adv_stop
                0x0000000000024db8        0x4 _build/nrf52832_xxaa_ble_advertising.c.o
 .text.ble_advertising_start.part.1
                0x0000000000024dbc      0x230 _build/nrf52832_xxaa_ble_advertising.c.o
 .text.ble_advertising_init
                0x0000000000024fec      0x184 _build/nrf52832_xxaa_ble_advertising.c.o
                0x0000000000024fec                ble_advertising_init
 .text.ble_advertising_start
                0x0000000000025170       0x40 _build/nrf52832_xxaa_ble_advertising.c.o
                0x0000000000025170                ble_advertising_start
 .text.ble_advertising_on_ble_evt
                0x00000000000251b0       0xc0 _build/nrf52832_xxaa_ble_advertising.c.o
                0x00000000000251b0                ble_advertising_on_ble_evt
 .text.ble_advertising_on_sys_evt
                0x0000000000025270       0x60 _build/nrf52832_xxaa_ble_advertising.c.o
                0x0000000000025270                ble_advertising_on_sys_evt
 .text.ble_advertising_restart_without_whitelist
                0x00000000000252d0       0x80 _build/nrf52832_xxaa_ble_advertising.c.o
                0x00000000000252d0                ble_advertising_restart_without_whitelist
 .text.sd_ble_gap_conn_param_update
                0x0000000000025350        0x4 _build/nrf52832_xxaa_ble_conn_params.c.o
 .text.sd_ble_gap_disconnect
                0x0000000000025354        0x4 _build/nrf52832_xxaa_ble_conn_params.c.o
 .text.sd_ble_gap_ppcp_set
                0x0000000000025358        0x4 _build/nrf52832_xxaa_ble_conn_params.c.o
 .text.sd_ble_gap_ppcp_get
                0x000000000002535c        0x4 _build/nrf52832_xxaa_ble_conn_params.c.o
 .text.update_timeout_handler
                0x0000000000025360       0x74 _build/nrf52832_xxaa_ble_conn_params.c.o
 .text.conn_params_negotiation
                0x00000000000253d4       0x94 _build/nrf52832_xxaa_ble_conn_params.c.o
 .text.ble_conn_params_init
                0x0000000000025468       0x74 _build/nrf52832_xxaa_ble_conn_params.c.o
                0x0000000000025468                ble_conn_params_init
 .text.ble_conn_params_on_ble_evt
                0x00000000000254dc       0xb8 _build/nrf52832_xxaa_ble_conn_params.c.o
                0x00000000000254dc                ble_conn_params_on_ble_evt
 .text.ble_conn_state_on_ble_evt
                0x0000000000025594      0x128 _build/nrf52832_xxaa_ble_conn_state.c.o
                0x0000000000025594                ble_conn_state_on_ble_evt
 .text.ble_conn_state_role
                0x00000000000256bc       0x2c _build/nrf52832_xxaa_ble_conn_state.c.o
                0x00000000000256bc                ble_conn_state_role
 .text.ble_conn_state_encrypted
                0x00000000000256e8       0x10 _build/nrf52832_xxaa_ble_conn_state.c.o
                0x00000000000256e8                ble_conn_state_encrypted
 .text.ble_conn_state_mitm_protected
                0x00000000000256f8       0x10 _build/nrf52832_xxaa_ble_conn_state.c.o
                0x00000000000256f8                ble_conn_state_mitm_protected
 .text.ble_conn_state_conn_handles
                0x0000000000025708       0x18 _build/nrf52832_xxaa_ble_conn_state.c.o
                0x0000000000025708                ble_conn_state_conn_handles
 .text.ble_conn_state_user_flag_acquire
                0x0000000000025720       0x30 _build/nrf52832_xxaa_ble_conn_state.c.o
                0x0000000000025720                ble_conn_state_user_flag_acquire
 .text.ble_conn_state_user_flag_get
                0x0000000000025750       0x28 _build/nrf52832_xxaa_ble_conn_state.c.o
                0x0000000000025750                ble_conn_state_user_flag_get
 .text.ble_conn_state_user_flag_set
                0x0000000000025778       0x28 _build/nrf52832_xxaa_ble_conn_state.c.o
                0x0000000000025778                ble_conn_state_user_flag_set
 .text.ble_conn_state_user_flag_collection
                0x00000000000257a0       0x1c _build/nrf52832_xxaa_ble_conn_state.c.o
                0x00000000000257a0                ble_conn_state_user_flag_collection
 .text.ble_srv_is_notification_enabled
                0x00000000000257bc        0x8 _build/nrf52832_xxaa_ble_srv_common.c.o
                0x00000000000257bc                ble_srv_is_notification_enabled
 .text.local_db_update_in_evt
                0x00000000000257c4       0x9c _build/nrf52832_xxaa_gatt_cache_manager.c.o
 .text.local_db_apply_in_evt.part.1
                0x0000000000025860       0x94 _build/nrf52832_xxaa_gatt_cache_manager.c.o
 .text.service_changed_pending_flags_check.part.2
                0x00000000000258f4      0x100 _build/nrf52832_xxaa_gatt_cache_manager.c.o
 .text.gcm_gscm_evt_handler
                0x00000000000259f4       0x80 _build/nrf52832_xxaa_gatt_cache_manager.c.o
                0x00000000000259f4                gcm_gscm_evt_handler
 .text.gcm_im_evt_handler
                0x0000000000025a74       0xa8 _build/nrf52832_xxaa_gatt_cache_manager.c.o
                0x0000000000025a74                gcm_im_evt_handler
 .text.gcm_smd_evt_handler
                0x0000000000025b1c       0xb0 _build/nrf52832_xxaa_gatt_cache_manager.c.o
                0x0000000000025b1c                gcm_smd_evt_handler
 .text.gcm_init
                0x0000000000025bcc       0x54 _build/nrf52832_xxaa_gatt_cache_manager.c.o
                0x0000000000025bcc                gcm_init
 .text.gcm_ble_evt_handler
                0x0000000000025c20      0x128 _build/nrf52832_xxaa_gatt_cache_manager.c.o
                0x0000000000025c20                gcm_ble_evt_handler
 .text.gcm_local_database_has_changed
                0x0000000000025d48       0x70 _build/nrf52832_xxaa_gatt_cache_manager.c.o
                0x0000000000025d48                gcm_local_database_has_changed
 .text.sd_ble_gatts_service_changed
                0x0000000000025db8        0x4 _build/nrf52832_xxaa_gatts_cache_manager.c.o
 .text.sd_ble_gatts_sys_attr_set
                0x0000000000025dbc        0x4 _build/nrf52832_xxaa_gatts_cache_manager.c.o
 .text.sd_ble_gatts_sys_attr_get
                0x0000000000025dc0        0x4 _build/nrf52832_xxaa_gatts_cache_manager.c.o
 .text.gscm_pdb_evt_handler
                0x0000000000025dc4       0x88 _build/nrf52832_xxaa_gatts_cache_manager.c.o
                0x0000000000025dc4                gscm_pdb_evt_handler
 .text.gscm_init
                0x0000000000025e4c       0x10 _build/nrf52832_xxaa_gatts_cache_manager.c.o
                0x0000000000025e4c                gscm_init
 .text.gscm_local_db_cache_update
                0x0000000000025e5c       0x98 _build/nrf52832_xxaa_gatts_cache_manager.c.o
                0x0000000000025e5c                gscm_local_db_cache_update
 .text.gscm_local_db_cache_apply
                0x0000000000025ef4       0x84 _build/nrf52832_xxaa_gatts_cache_manager.c.o
                0x0000000000025ef4                gscm_local_db_cache_apply
 .text.gscm_local_database_has_changed
                0x0000000000025f78       0x5c _build/nrf52832_xxaa_gatts_cache_manager.c.o
                0x0000000000025f78                gscm_local_database_has_changed
 .text.gscm_service_changed_ind_needed
                0x0000000000025fd4       0x24 _build/nrf52832_xxaa_gatts_cache_manager.c.o
                0x0000000000025fd4                gscm_service_changed_ind_needed
 .text.gscm_service_changed_ind_send
                0x0000000000025ff8       0x2c _build/nrf52832_xxaa_gatts_cache_manager.c.o
                0x0000000000025ff8                gscm_service_changed_ind_send
 .text.gscm_db_change_notification_done
                0x0000000000026024       0x24 _build/nrf52832_xxaa_gatts_cache_manager.c.o
                0x0000000000026024                gscm_db_change_notification_done
 .text.sd_ecb_block_encrypt
                0x0000000000026048        0x4 _build/nrf52832_xxaa_id_manager.c.o
 .text.im_ble_evt_handler
                0x000000000002604c      0x270 _build/nrf52832_xxaa_id_manager.c.o
                0x000000000002604c                im_ble_evt_handler
 .text.im_pdb_evt_handler
                0x00000000000262bc      0x118 _build/nrf52832_xxaa_id_manager.c.o
                0x00000000000262bc                im_pdb_evt_handler
 .text.im_init  0x00000000000263d4       0x34 _build/nrf52832_xxaa_id_manager.c.o
                0x00000000000263d4                im_init
 .text.im_peer_id_get_by_conn_handle
                0x0000000000026408       0x40 _build/nrf52832_xxaa_id_manager.c.o
                0x0000000000026408                im_peer_id_get_by_conn_handle
 .text.im_ble_addr_get
                0x0000000000026448       0x50 _build/nrf52832_xxaa_id_manager.c.o
                0x0000000000026448                im_ble_addr_get
 .text.im_master_ids_compare
                0x0000000000026498       0x44 _build/nrf52832_xxaa_id_manager.c.o
                0x0000000000026498                im_master_ids_compare
 .text.im_peer_id_get_by_master_id
                0x00000000000264dc       0xf8 _build/nrf52832_xxaa_id_manager.c.o
                0x00000000000264dc                im_peer_id_get_by_master_id
 .text.im_conn_handle_get
                0x00000000000265d4       0x38 _build/nrf52832_xxaa_id_manager.c.o
                0x00000000000265d4                im_conn_handle_get
 .text.im_master_id_is_valid
                0x000000000002660c       0x30 _build/nrf52832_xxaa_id_manager.c.o
                0x000000000002660c                im_master_id_is_valid
 .text.im_new_peer_id
                0x000000000002663c       0x3c _build/nrf52832_xxaa_id_manager.c.o
                0x000000000002663c                im_new_peer_id
 .text.im_peer_free
                0x0000000000026678       0x7c _build/nrf52832_xxaa_id_manager.c.o
                0x0000000000026678                im_peer_free
 .text.sd_ble_gap_data_length_update
                0x00000000000266f4        0x4 _build/nrf52832_xxaa_nrf_ble_gatt.c.o
 .text.sd_ble_gattc_exchange_mtu_request
                0x00000000000266f8        0x4 _build/nrf52832_xxaa_nrf_ble_gatt.c.o
 .text.sd_ble_gatts_exchange_mtu_reply
                0x00000000000266fc        0x4 _build/nrf52832_xxaa_nrf_ble_gatt.c.o
 .text.nrf_ble_gatt_init
                0x0000000000026700       0x38 _build/nrf52832_xxaa_nrf_ble_gatt.c.o
                0x0000000000026700                nrf_ble_gatt_init
 .text.nrf_ble_gatt_on_ble_evt
                0x0000000000026738      0x208 _build/nrf52832_xxaa_nrf_ble_gatt.c.o
                0x0000000000026738                nrf_ble_gatt_on_ble_evt
 .text.peer_data_delete
                0x0000000000026940       0x90 _build/nrf52832_xxaa_peer_data_storage.c.o
 .text.fds_evt_handler
                0x00000000000269d0      0x128 _build/nrf52832_xxaa_peer_data_storage.c.o
 .text.pds_init
                0x0000000000026af8       0x68 _build/nrf52832_xxaa_peer_data_storage.c.o
                0x0000000000026af8                pds_init
 .text.pds_peer_data_read
                0x0000000000026b60       0x80 _build/nrf52832_xxaa_peer_data_storage.c.o
                0x0000000000026b60                pds_peer_data_read
 .text.pds_peer_data_iterate_prepare
                0x0000000000026be0       0x10 _build/nrf52832_xxaa_peer_data_storage.c.o
                0x0000000000026be0                pds_peer_data_iterate_prepare
 .text.pds_peer_data_iterate
                0x0000000000026bf0       0x50 _build/nrf52832_xxaa_peer_data_storage.c.o
                0x0000000000026bf0                pds_peer_data_iterate
 .text.pds_space_reserve
                0x0000000000026c40       0x30 _build/nrf52832_xxaa_peer_data_storage.c.o
                0x0000000000026c40                pds_space_reserve
 .text.pds_space_reserve_cancel
                0x0000000000026c70       0x20 _build/nrf52832_xxaa_peer_data_storage.c.o
                0x0000000000026c70                pds_space_reserve_cancel
 .text.pds_peer_data_store
                0x0000000000026c90       0xc4 _build/nrf52832_xxaa_peer_data_storage.c.o
                0x0000000000026c90                pds_peer_data_store
 .text.pds_peer_id_allocate
                0x0000000000026d54        0x8 _build/nrf52832_xxaa_peer_data_storage.c.o
                0x0000000000026d54                pds_peer_id_allocate
 .text.pds_peer_id_free
                0x0000000000026d5c       0x18 _build/nrf52832_xxaa_peer_data_storage.c.o
                0x0000000000026d5c                pds_peer_id_free
 .text.pds_peer_id_is_allocated
                0x0000000000026d74        0x4 _build/nrf52832_xxaa_peer_data_storage.c.o
                0x0000000000026d74                pds_peer_id_is_allocated
 .text.pds_next_peer_id_get
                0x0000000000026d78        0x4 _build/nrf52832_xxaa_peer_data_storage.c.o
                0x0000000000026d78                pds_next_peer_id_get
 .text.pds_next_deleted_peer_id_get
                0x0000000000026d7c        0x4 _build/nrf52832_xxaa_peer_data_storage.c.o
                0x0000000000026d7c                pds_next_deleted_peer_id_get
 .text.pdb_write_buf_store.part.2
                0x0000000000026d80      0x240 _build/nrf52832_xxaa_peer_database.c.o
 .text.pdb_pds_evt_handler
                0x0000000000026fc0      0x40c _build/nrf52832_xxaa_peer_database.c.o
                0x0000000000026fc0                pdb_pds_evt_handler
 .text.pdb_init
                0x00000000000273cc      0x150 _build/nrf52832_xxaa_peer_database.c.o
                0x00000000000273cc                pdb_init
 .text.pdb_peer_allocate
                0x000000000002751c        0x4 _build/nrf52832_xxaa_peer_database.c.o
                0x000000000002751c                pdb_peer_allocate
 .text.pdb_peer_free
                0x0000000000027520      0x370 _build/nrf52832_xxaa_peer_database.c.o
                0x0000000000027520                pdb_peer_free
 .text.pdb_peer_data_ptr_get
                0x0000000000027890        0x8 _build/nrf52832_xxaa_peer_database.c.o
                0x0000000000027890                pdb_peer_data_ptr_get
 .text.pdb_write_buf_get
                0x0000000000027898      0x3bc _build/nrf52832_xxaa_peer_database.c.o
                0x0000000000027898                pdb_write_buf_get
 .text.pdb_write_buf_release
                0x0000000000027c54      0x1b4 _build/nrf52832_xxaa_peer_database.c.o
                0x0000000000027c54                pdb_write_buf_release
 .text.pdb_write_buf_store_prepare
                0x0000000000027e08      0x1a0 _build/nrf52832_xxaa_peer_database.c.o
                0x0000000000027e08                pdb_write_buf_store_prepare
 .text.pdb_write_buf_store
                0x0000000000027fa8       0x10 _build/nrf52832_xxaa_peer_database.c.o
                0x0000000000027fa8                pdb_write_buf_store
 .text.pdb_next_peer_id_get
                0x0000000000027fb8        0x4 _build/nrf52832_xxaa_peer_database.c.o
                0x0000000000027fb8                pdb_next_peer_id_get
 .text.pdb_next_deleted_peer_id_get
                0x0000000000027fbc        0x4 _build/nrf52832_xxaa_peer_database.c.o
                0x0000000000027fbc                pdb_next_deleted_peer_id_get
 .text.pdb_raw_store
                0x0000000000027fc0        0x8 _build/nrf52832_xxaa_peer_database.c.o
                0x0000000000027fc0                pdb_raw_store
 .text.peer_id_init
                0x0000000000027fc8       0x2c _build/nrf52832_xxaa_peer_id.c.o
                0x0000000000027fc8                peer_id_init
 .text.peer_id_allocate
                0x0000000000027ff4       0x3c _build/nrf52832_xxaa_peer_id.c.o
                0x0000000000027ff4                peer_id_allocate
 .text.peer_id_delete
                0x0000000000028030       0x24 _build/nrf52832_xxaa_peer_id.c.o
                0x0000000000028030                peer_id_delete
 .text.peer_id_free
                0x0000000000028054       0x28 _build/nrf52832_xxaa_peer_id.c.o
                0x0000000000028054                peer_id_free
 .text.peer_id_is_allocated
                0x000000000002807c       0x14 _build/nrf52832_xxaa_peer_id.c.o
                0x000000000002807c                peer_id_is_allocated
 .text.peer_id_get_next_used
                0x0000000000028090       0x70 _build/nrf52832_xxaa_peer_id.c.o
                0x0000000000028090                peer_id_get_next_used
 .text.peer_id_get_next_deleted
                0x0000000000028100       0x40 _build/nrf52832_xxaa_peer_id.c.o
                0x0000000000028100                peer_id_get_next_deleted
 .text.pm_pdb_evt_handler
                0x0000000000028140      0x21c _build/nrf52832_xxaa_peer_manager.c.o
                0x0000000000028140                pm_pdb_evt_handler
 .text.pm_sm_evt_handler
                0x000000000002835c      0x1bc _build/nrf52832_xxaa_peer_manager.c.o
                0x000000000002835c                pm_sm_evt_handler
 .text.pm_gcm_evt_handler
                0x0000000000028518       0xb8 _build/nrf52832_xxaa_peer_manager.c.o
                0x0000000000028518                pm_gcm_evt_handler
 .text.pm_im_evt_handler
                0x00000000000285d0       0x74 _build/nrf52832_xxaa_peer_manager.c.o
                0x00000000000285d0                pm_im_evt_handler
 .text.pm_on_ble_evt
                0x0000000000028644       0x24 _build/nrf52832_xxaa_peer_manager.c.o
                0x0000000000028644                pm_on_ble_evt
 .text.pm_init  0x0000000000028668       0x90 _build/nrf52832_xxaa_peer_manager.c.o
                0x0000000000028668                pm_init
 .text.pm_register
                0x00000000000286f8       0x38 _build/nrf52832_xxaa_peer_manager.c.o
                0x00000000000286f8                pm_register
 .text.pm_sec_params_set
                0x0000000000028730       0x14 _build/nrf52832_xxaa_peer_manager.c.o
                0x0000000000028730                pm_sec_params_set
 .text.pm_conn_sec_config_reply
                0x0000000000028744        0x4 _build/nrf52832_xxaa_peer_manager.c.o
                0x0000000000028744                pm_conn_sec_config_reply
 .text.pm_local_database_has_changed
                0x0000000000028748       0x10 _build/nrf52832_xxaa_peer_manager.c.o
                0x0000000000028748                pm_local_database_has_changed
 .text.pm_peers_delete
                0x0000000000028758       0x98 _build/nrf52832_xxaa_peer_manager.c.o
                0x0000000000028758                pm_peers_delete
 .text.pm_buffer_init
                0x00000000000287f0       0x54 _build/nrf52832_xxaa_pm_buffer.c.o
                0x00000000000287f0                pm_buffer_init
 .text.pm_buffer_block_acquire
                0x0000000000028844       0x90 _build/nrf52832_xxaa_pm_buffer.c.o
                0x0000000000028844                pm_buffer_block_acquire
 .text.pm_buffer_ptr_get
                0x00000000000288d4       0x30 _build/nrf52832_xxaa_pm_buffer.c.o
                0x00000000000288d4                pm_buffer_ptr_get
 .text.pm_buffer_release
                0x0000000000028904       0x30 _build/nrf52832_xxaa_pm_buffer.c.o
                0x0000000000028904                pm_buffer_release
 .text.pm_mutex_init
                0x0000000000028934       0x10 _build/nrf52832_xxaa_pm_mutex.c.o
                0x0000000000028934                pm_mutex_init
 .text.pm_mutex_lock
                0x0000000000028944       0x54 _build/nrf52832_xxaa_pm_mutex.c.o
                0x0000000000028944                pm_mutex_lock
 .text.pm_mutex_unlock
                0x0000000000028998       0x3c _build/nrf52832_xxaa_pm_mutex.c.o
                0x0000000000028998                pm_mutex_unlock
 .text.pm_mutex_lock_first_available
                0x00000000000289d4       0x78 _build/nrf52832_xxaa_pm_mutex.c.o
                0x00000000000289d4                pm_mutex_lock_first_available
 .text.pm_mutex_lock_status_get
                0x0000000000028a4c       0x20 _build/nrf52832_xxaa_pm_mutex.c.o
                0x0000000000028a4c                pm_mutex_lock_status_get
 .text.sd_ble_gap_authenticate
                0x0000000000028a6c        0x4 _build/nrf52832_xxaa_security_dispatcher.c.o
 .text.sd_ble_gap_sec_params_reply
                0x0000000000028a70        0x4 _build/nrf52832_xxaa_security_dispatcher.c.o
 .text.sd_ble_gap_encrypt
                0x0000000000028a74        0x4 _build/nrf52832_xxaa_security_dispatcher.c.o
 .text.sd_ble_gap_sec_info_reply
                0x0000000000028a78        0x4 _build/nrf52832_xxaa_security_dispatcher.c.o
 .text.pairing_failure
                0x0000000000028a7c       0x80 _build/nrf52832_xxaa_security_dispatcher.c.o
 .text.smd_pdb_evt_handler
                0x0000000000028afc       0x3c _build/nrf52832_xxaa_security_dispatcher.c.o
                0x0000000000028afc                smd_pdb_evt_handler
 .text.smd_init
                0x0000000000028b38       0x60 _build/nrf52832_xxaa_security_dispatcher.c.o
                0x0000000000028b38                smd_init
 .text.smd_params_reply
                0x0000000000028b98      0x1a8 _build/nrf52832_xxaa_security_dispatcher.c.o
                0x0000000000028b98                smd_params_reply
 .text.smd_link_secure
                0x0000000000028d40      0x238 _build/nrf52832_xxaa_security_dispatcher.c.o
                0x0000000000028d40                smd_link_secure
 .text.smd_ble_evt_handler
                0x0000000000028f78      0x3b8 _build/nrf52832_xxaa_security_dispatcher.c.o
                0x0000000000028f78                smd_ble_evt_handler
 .text.link_secure.part.1
                0x0000000000029330      0x154 _build/nrf52832_xxaa_security_manager.c.o
 .text.smd_params_reply_perform
                0x0000000000029484      0x178 _build/nrf52832_xxaa_security_manager.c.o
 .text.sm_smd_evt_handler
                0x00000000000295fc       0x80 _build/nrf52832_xxaa_security_manager.c.o
                0x00000000000295fc                sm_smd_evt_handler
 .text.sm_pdb_evt_handler
                0x000000000002967c      0x1a4 _build/nrf52832_xxaa_security_manager.c.o
                0x000000000002967c                sm_pdb_evt_handler
 .text.sm_init  0x0000000000029820       0xbc _build/nrf52832_xxaa_security_manager.c.o
                0x0000000000029820                sm_init
 .text.sm_ble_evt_handler
                0x00000000000298dc       0x90 _build/nrf52832_xxaa_security_manager.c.o
                0x00000000000298dc                sm_ble_evt_handler
 .text.sm_sec_params_set
                0x000000000002996c       0x78 _build/nrf52832_xxaa_security_manager.c.o
                0x000000000002996c                sm_sec_params_set
 .text.sm_conn_sec_config_reply
                0x00000000000299e4       0x14 _build/nrf52832_xxaa_security_manager.c.o
                0x00000000000299e4                sm_conn_sec_config_reply
 .text          0x00000000000299f8       0x3c _build/nrf52832_xxaa_gcc_startup_nrf52.S.o
                0x00000000000299f8                Reset_Handler
                0x0000000000029a20                NMI_Handler
                0x0000000000029a22                HardFault_Handler
                0x0000000000029a24                MemoryManagement_Handler
                0x0000000000029a26                BusFault_Handler
                0x0000000000029a28                UsageFault_Handler
                0x0000000000029a2a                SVC_Handler
                0x0000000000029a2c                DebugMon_Handler
                0x0000000000029a2e                PendSV_Handler
                0x0000000000029a30                SysTick_Handler
                0x0000000000029a32                TIMER4_IRQHandler
                0x0000000000029a32                I2S_IRQHandler
                0x0000000000029a32                SWI4_EGU4_IRQHandler
                0x0000000000029a32                TIMER0_IRQHandler
                0x0000000000029a32                TIMER1_IRQHandler
                0x0000000000029a32                PWM2_IRQHandler
                0x0000000000029a32                ECB_IRQHandler
                0x0000000000029a32                SPIM1_SPIS1_TWIM1_TWIS1_SPI1_TWI1_IRQHandler
                0x0000000000029a32                Default_Handler
                0x0000000000029a32                SAADC_IRQHandler
                0x0000000000029a32                CCM_AAR_IRQHandler
                0x0000000000029a32                WDT_IRQHandler
                0x0000000000029a32                SWI5_EGU5_IRQHandler
                0x0000000000029a32                RNG_IRQHandler
                0x0000000000029a32                RTC2_IRQHandler
                0x0000000000029a32                PWM0_IRQHandler
                0x0000000000029a32                SWI3_EGU3_IRQHandler
                0x0000000000029a32                SWI1_EGU1_IRQHandler
                0x0000000000029a32                SPIM2_SPIS2_SPI2_IRQHandler
                0x0000000000029a32                NFCT_IRQHandler
                0x0000000000029a32                MWU_IRQHandler
                0x0000000000029a32                TIMER2_IRQHandler
                0x0000000000029a32                COMP_LPCOMP_IRQHandler
                0x0000000000029a32                RTC0_IRQHandler
                0x0000000000029a32                PWM1_IRQHandler
                0x0000000000029a32                RADIO_IRQHandler
                0x0000000000029a32                PDM_IRQHandler
                0x0000000000029a32                TEMP_IRQHandler
                0x0000000000029a32                QDEC_IRQHandler
                0x0000000000029a32                TIMER3_IRQHandler
                0x0000000000029a32                FPU_IRQHandler
                0x0000000000029a32                SPIM0_SPIS0_TWIM0_TWIS0_SPI0_TWI0_IRQHandler
 .text.SystemInit
                0x0000000000029a34      0x348 _build/nrf52832_xxaa_system_nrf52.c.o
                0x0000000000029a34                SystemInit
 .text.sd_evt_get
                0x0000000000029d7c        0x4 _build/nrf52832_xxaa_softdevice_handler.c.o
 .text.sd_softdevice_enable
                0x0000000000029d80        0x4 _build/nrf52832_xxaa_softdevice_handler.c.o
 .text.sd_ble_enable
                0x0000000000029d84        0x4 _build/nrf52832_xxaa_softdevice_handler.c.o
 .text.sd_ble_evt_get
                0x0000000000029d88        0x4 _build/nrf52832_xxaa_softdevice_handler.c.o
 .text.softdevice_fault_handler
                0x0000000000029d8c        0x4 _build/nrf52832_xxaa_softdevice_handler.c.o
                0x0000000000029d8c                softdevice_fault_handler
 .text.intern_softdevice_events_execute.part.2
                0x0000000000029d90       0xc4 _build/nrf52832_xxaa_softdevice_handler.c.o
 .text.softdevice_handler_is_enabled
                0x0000000000029e54        0xc _build/nrf52832_xxaa_softdevice_handler.c.o
                0x0000000000029e54                softdevice_handler_is_enabled
 .text.softdevice_handler_init
                0x0000000000029e60       0x94 _build/nrf52832_xxaa_softdevice_handler.c.o
                0x0000000000029e60                softdevice_handler_init
 .text.softdevice_ble_evt_handler_set
                0x0000000000029ef4       0x14 _build/nrf52832_xxaa_softdevice_handler.c.o
                0x0000000000029ef4                softdevice_ble_evt_handler_set
 .text.softdevice_sys_evt_handler_set
                0x0000000000029f08       0x14 _build/nrf52832_xxaa_softdevice_handler.c.o
                0x0000000000029f08                softdevice_sys_evt_handler_set
 .text.SWI2_EGU2_IRQHandler
                0x0000000000029f1c       0x30 _build/nrf52832_xxaa_softdevice_handler.c.o
                0x0000000000029f1c                SWI2_EGU2_IRQHandler
 .text.softdevice_app_ram_start_get
                0x0000000000029f4c       0x14 _build/nrf52832_xxaa_softdevice_handler.c.o
                0x0000000000029f4c                softdevice_app_ram_start_get
 .text.softdevice_enable
                0x0000000000029f60       0x68 _build/nrf52832_xxaa_softdevice_handler.c.o
                0x0000000000029f60                softdevice_enable
 .text          0x0000000000029fc8       0x30 /Users/moizqureshi/gcc-arm-none-eabi-6-2017-q1-update/bin/../lib/gcc/arm-none-eabi/6.3.1/thumb/v7e-m/fpv4-sp/hard/libgcc.a(_aeabi_uldivmod.o)
                0x0000000000029fc8                __aeabi_uldivmod
 .text          0x0000000000029ff8      0x2dc /Users/moizqureshi/gcc-arm-none-eabi-6-2017-q1-update/bin/../lib/gcc/arm-none-eabi/6.3.1/thumb/v7e-m/fpv4-sp/hard/libgcc.a(_udivmoddi4.o)
                0x0000000000029ff8                __udivmoddi4
 .text          0x000000000002a2d4        0x4 /Users/moizqureshi/gcc-arm-none-eabi-6-2017-q1-update/bin/../lib/gcc/arm-none-eabi/6.3.1/thumb/v7e-m/fpv4-sp/hard/libgcc.a(_dvmd_tls.o)
                0x000000000002a2d4                __aeabi_ldiv0
                0x000000000002a2d4                __aeabi_idiv0
 .text.__locale_ctype_ptr
                0x000000000002a2d8       0x1c /Users/moizqureshi/gcc-arm-none-eabi-6-2017-q1-update/bin/../lib/gcc/arm-none-eabi/6.3.1/../../../../arm-none-eabi/lib/thumb/v7e-m/fpv4-sp/hard/libc_nano.a(lib_a-locale.o)
                0x000000000002a2d8                __locale_ctype_ptr
 .text.__ascii_mbtowc
                0x000000000002a2f4       0x24 /Users/moizqureshi/gcc-arm-none-eabi-6-2017-q1-update/bin/../lib/gcc/arm-none-eabi/6.3.1/../../../../arm-none-eabi/lib/thumb/v7e-m/fpv4-sp/hard/libc_nano.a(lib_a-mbtowc_r.o)
                0x000000000002a2f4                __ascii_mbtowc
 .text.memcmp   0x000000000002a318       0x1e /Users/moizqureshi/gcc-arm-none-eabi-6-2017-q1-update/bin/../lib/gcc/arm-none-eabi/6.3.1/../../../../arm-none-eabi/lib/thumb/v7e-m/fpv4-sp/hard/libc_nano.a(lib_a-memcmp.o)
                0x000000000002a318                memcmp
 .text.memcpy   0x000000000002a336       0x16 /Users/moizqureshi/gcc-arm-none-eabi-6-2017-q1-update/bin/../lib/gcc/arm-none-eabi/6.3.1/../../../../arm-none-eabi/lib/thumb/v7e-m/fpv4-sp/hard/libc_nano.a(lib_a-memcpy-stub.o)
                0x000000000002a336                memcpy
 .text.snprintf
                0x000000000002a34c       0x68 /Users/moizqureshi/gcc-arm-none-eabi-6-2017-q1-update/bin/../lib/gcc/arm-none-eabi/6.3.1/../../../../arm-none-eabi/lib/thumb/v7e-m/fpv4-sp/hard/libc_nano.a(lib_a-snprintf.o)
                0x000000000002a34c                snprintf
                0x000000000002a34c                sniprintf
 .text          0x000000000002a3b4       0x10 /Users/moizqureshi/gcc-arm-none-eabi-6-2017-q1-update/bin/../lib/gcc/arm-none-eabi/6.3.1/../../../../arm-none-eabi/lib/thumb/v7e-m/fpv4-sp/hard/libc_nano.a(lib_a-strlen.o)
                0x000000000002a3b4                strlen
 .text.__ascii_wctomb
                0x000000000002a3c4       0x1a /Users/moizqureshi/gcc-arm-none-eabi-6-2017-q1-update/bin/../lib/gcc/arm-none-eabi/6.3.1/../../../../arm-none-eabi/lib/thumb/v7e-m/fpv4-sp/hard/libc_nano.a(lib_a-wctomb_r.o)
                0x000000000002a3c4                __ascii_wctomb
 .text.__ssputs_r
                0x000000000002a3de       0xb6 /Users/moizqureshi/gcc-arm-none-eabi-6-2017-q1-update/bin/../lib/gcc/arm-none-eabi/6.3.1/../../../../arm-none-eabi/lib/thumb/v7e-m/fpv4-sp/hard/libc_nano.a(lib_a-nano-svfprintf.o)
                0x000000000002a3de                __ssputs_r
 .text._svfprintf_r
                0x000000000002a494      0x1e8 /Users/moizqureshi/gcc-arm-none-eabi-6-2017-q1-update/bin/../lib/gcc/arm-none-eabi/6.3.1/../../../../arm-none-eabi/lib/thumb/v7e-m/fpv4-sp/hard/libc_nano.a(lib_a-nano-svfprintf.o)
                0x000000000002a494                _svfprintf_r
                0x000000000002a494                _svfiprintf_r
 .text._printf_common
                0x000000000002a67c       0xec /Users/moizqureshi/gcc-arm-none-eabi-6-2017-q1-update/bin/../lib/gcc/arm-none-eabi/6.3.1/../../../../arm-none-eabi/lib/thumb/v7e-m/fpv4-sp/hard/libc_nano.a(lib_a-nano-vfprintf_i.o)
                0x000000000002a67c                _printf_common
 .text._printf_i
                0x000000000002a768      0x240 /Users/moizqureshi/gcc-arm-none-eabi-6-2017-q1-update/bin/../lib/gcc/arm-none-eabi/6.3.1/../../../../arm-none-eabi/lib/thumb/v7e-m/fpv4-sp/hard/libc_nano.a(lib_a-nano-vfprintf_i.o)
                0x000000000002a768                _printf_i
 *fill*         0x000000000002a9a8        0x8 
 .text          0x000000000002a9b0       0xa0 /Users/moizqureshi/gcc-arm-none-eabi-6-2017-q1-update/bin/../lib/gcc/arm-none-eabi/6.3.1/../../../../arm-none-eabi/lib/thumb/v7e-m/fpv4-sp/hard/libc_nano.a(lib_a-memchr.o)
                0x000000000002a9b0                memchr
 .text.memmove  0x000000000002aa50       0x34 /Users/moizqureshi/gcc-arm-none-eabi-6-2017-q1-update/bin/../lib/gcc/arm-none-eabi/6.3.1/../../../../arm-none-eabi/lib/thumb/v7e-m/fpv4-sp/hard/libc_nano.a(lib_a-memmove.o)
                0x000000000002aa50                memmove
 .text._free_r  0x000000000002aa84       0x9c /Users/moizqureshi/gcc-arm-none-eabi-6-2017-q1-update/bin/../lib/gcc/arm-none-eabi/6.3.1/../../../../arm-none-eabi/lib/thumb/v7e-m/fpv4-sp/hard/libc_nano.a(lib_a-nano-freer.o)
                0x000000000002aa84                _free_r
 .text._malloc_r
                0x000000000002ab20       0xbc /Users/moizqureshi/gcc-arm-none-eabi-6-2017-q1-update/bin/../lib/gcc/arm-none-eabi/6.3.1/../../../../arm-none-eabi/lib/thumb/v7e-m/fpv4-sp/hard/libc_nano.a(lib_a-nano-mallocr.o)
                0x000000000002ab20                _malloc_r
 .text._realloc_r
                0x000000000002abdc       0x4c /Users/moizqureshi/gcc-arm-none-eabi-6-2017-q1-update/bin/../lib/gcc/arm-none-eabi/6.3.1/../../../../arm-none-eabi/lib/thumb/v7e-m/fpv4-sp/hard/libc_nano.a(lib_a-nano-reallocr.o)
                0x000000000002abdc                _realloc_r
 .text._sbrk_r  0x000000000002ac28       0x20 /Users/moizqureshi/gcc-arm-none-eabi-6-2017-q1-update/bin/../lib/gcc/arm-none-eabi/6.3.1/../../../../arm-none-eabi/lib/thumb/v7e-m/fpv4-sp/hard/libc_nano.a(lib_a-sbrkr.o)
                0x000000000002ac28                _sbrk_r
 .text.__malloc_lock
                0x000000000002ac48        0x2 /Users/moizqureshi/gcc-arm-none-eabi-6-2017-q1-update/bin/../lib/gcc/arm-none-eabi/6.3.1/../../../../arm-none-eabi/lib/thumb/v7e-m/fpv4-sp/hard/libc_nano.a(lib_a-mlock.o)
                0x000000000002ac48                __malloc_lock
 .text.__malloc_unlock
                0x000000000002ac4a        0x2 /Users/moizqureshi/gcc-arm-none-eabi-6-2017-q1-update/bin/../lib/gcc/arm-none-eabi/6.3.1/../../../../arm-none-eabi/lib/thumb/v7e-m/fpv4-sp/hard/libc_nano.a(lib_a-mlock.o)
                0x000000000002ac4a                __malloc_unlock
 .text._malloc_usable_size_r
                0x000000000002ac4c       0x12 /Users/moizqureshi/gcc-arm-none-eabi-6-2017-q1-update/bin/../lib/gcc/arm-none-eabi/6.3.1/../../../../arm-none-eabi/lib/thumb/v7e-m/fpv4-sp/hard/libc_nano.a(lib_a-nano-msizer.o)
                0x000000000002ac4c                _malloc_usable_size_r
 *fill*         0x000000000002ac5e        0x2 
 .text._sbrk    0x000000000002ac60       0x1c /Users/moizqureshi/gcc-arm-none-eabi-6-2017-q1-update/bin/../lib/gcc/arm-none-eabi/6.3.1/../../../../arm-none-eabi/lib/thumb/v7e-m/fpv4-sp/hard/libnosys.a(sbrk.o)
                0x000000000002ac60                _sbrk
 *(.init)
 .init          0x000000000002ac7c        0x4 /Users/moizqureshi/gcc-arm-none-eabi-6-2017-q1-update/bin/../lib/gcc/arm-none-eabi/6.3.1/thumb/v7e-m/fpv4-sp/hard/crti.o
                0x000000000002ac7c                _init
 .init          0x000000000002ac80        0x8 /Users/moizqureshi/gcc-arm-none-eabi-6-2017-q1-update/bin/../lib/gcc/arm-none-eabi/6.3.1/thumb/v7e-m/fpv4-sp/hard/crtn.o
 *(.fini)
 .fini          0x000000000002ac88        0x4 /Users/moizqureshi/gcc-arm-none-eabi-6-2017-q1-update/bin/../lib/gcc/arm-none-eabi/6.3.1/thumb/v7e-m/fpv4-sp/hard/crti.o
                0x000000000002ac88                _fini
 .fini          0x000000000002ac8c        0x8 /Users/moizqureshi/gcc-arm-none-eabi-6-2017-q1-update/bin/../lib/gcc/arm-none-eabi/6.3.1/thumb/v7e-m/fpv4-sp/hard/crtn.o
 *crtbegin.o(.ctors)
 *crtbegin?.o(.ctors)
 *(EXCLUDE_FILE(*crtend.o *crtend?.o) .ctors)
 *(SORT(.ctors.*))
 *(.ctors)
 *crtbegin.o(.dtors)
 *crtbegin?.o(.dtors)
 *(EXCLUDE_FILE(*crtend.o *crtend?.o) .dtors)
 *(SORT(.dtors.*))
 *(.dtors)
 *(.rodata*)
 .rodata._global_impure_ptr
                0x000000000002ac94        0x4 /Users/moizqureshi/gcc-arm-none-eabi-6-2017-q1-update/bin/../lib/gcc/arm-none-eabi/6.3.1/../../../../arm-none-eabi/lib/thumb/v7e-m/fpv4-sp/hard/libc_nano.a(lib_a-impure.o)
                0x000000000002ac94                _global_impure_ptr
 .rodata        0x000000000002ac98       0x20 _build/nrf52832_xxaa_nrf_log_backend_serial.c.o
 .rodata.nrf_log_backend_serial_hexdump_handler.str1.4
                0x000000000002acb8        0x7 _build/nrf52832_xxaa_nrf_log_backend_serial.c.o
 *fill*         0x000000000002acbf        0x1 
 .rodata.nrf_log_frontend_std_0.str1.4
                0x000000000002acc0        0xb _build/nrf52832_xxaa_nrf_log_frontend.c.o
 *fill*         0x000000000002accb        0x1 
 .rodata.m_detection_delay_timer_id
                0x000000000002accc        0x4 _build/nrf52832_xxaa_app_button.c.o
 .rodata.app_error_fault_handler.str1.4
                0x000000000002acd0       0x29 _build/nrf52832_xxaa_app_error_weak.c.o
 *fill*         0x000000000002acf9        0x3 
 .rodata.m_fds_tl_dirty
                0x000000000002acfc        0x4 _build/nrf52832_xxaa_fds.c.o
 .rodata.page_tag_data.8625
                0x000000000002ad00        0x8 _build/nrf52832_xxaa_fds.c.o
 .rodata.page_tag_swap.8621
                0x000000000002ad08        0x8 _build/nrf52832_xxaa_fds.c.o
 .rodata.m_board_btn_list
                0x000000000002ad10        0x4 _build/nrf52832_xxaa_boards.c.o
 .rodata.m_board_led_list
                0x000000000002ad14        0x4 _build/nrf52832_xxaa_boards.c.o
 .rodata.app_buttons
                0x000000000002ad18       0x20 _build/nrf52832_xxaa_bsp.c.o
 .rodata.m_alert_timer_id
                0x000000000002ad38        0x4 _build/nrf52832_xxaa_bsp.c.o
 .rodata.m_button_timer_id
                0x000000000002ad3c        0x4 _build/nrf52832_xxaa_bsp.c.o
 .rodata.m_leds_timer_id
                0x000000000002ad40        0x4 _build/nrf52832_xxaa_bsp.c.o
 .rodata        0x000000000002ad44        0x4 _build/nrf52832_xxaa_main.c.o
 .rodata.ble_evt_dispatch.str1.4
                0x000000000002ad48       0x32 _build/nrf52832_xxaa_main.c.o
 *fill*         0x000000000002ad7a        0x2 
 .rodata.main.str1.4
                0x000000000002ad7c       0x50 _build/nrf52832_xxaa_main.c.o
 .rodata.on_adv_evt.str1.4
                0x000000000002adcc       0x1d _build/nrf52832_xxaa_main.c.o
 *fill*         0x000000000002ade9        0x3 
 .rodata.pm_evt_handler.str1.4
                0x000000000002adec       0x7f _build/nrf52832_xxaa_main.c.o
 *fill*         0x000000000002ae6b        0x1 
 .rodata.m_conn_params_timer_id
                0x000000000002ae6c        0x4 _build/nrf52832_xxaa_ble_conn_params.c.o
 .rodata        0x000000000002ae70       0x10 _build/nrf52832_xxaa_gatts_cache_manager.c.o
 .rodata.service_changed_pending.9594
                0x000000000002ae80        0x4 _build/nrf52832_xxaa_gatts_cache_manager.c.o
 .rodata.service_changed_pending.9657
                0x000000000002ae84        0x4 _build/nrf52832_xxaa_gatts_cache_manager.c.o
 .rodata.nrf_ble_gatt_on_ble_evt.str1.4
                0x000000000002ae88      0x185 _build/nrf52832_xxaa_nrf_ble_gatt.c.o
 *fill*         0x000000000002b00d        0x3 
 .rodata.m_evt_handlers
                0x000000000002b010       0x14 _build/nrf52832_xxaa_peer_database.c.o
 .rodata.softdevice_enable.str1.4
                0x000000000002b024       0xa8 _build/nrf52832_xxaa_softdevice_handler.c.o
                                         0xa5 (size before relaxing)
 .rodata._setlocale_r.str1.1
                0x000000000002b0cc        0x8 /Users/moizqureshi/gcc-arm-none-eabi-6-2017-q1-update/bin/../lib/gcc/arm-none-eabi/6.3.1/../../../../arm-none-eabi/lib/thumb/v7e-m/fpv4-sp/hard/libc_nano.a(lib_a-locale.o)
                                          0x9 (size before relaxing)
 .rodata.str1.1
                0x000000000002b0d4        0x2 /Users/moizqureshi/gcc-arm-none-eabi-6-2017-q1-update/bin/../lib/gcc/arm-none-eabi/6.3.1/../../../../arm-none-eabi/lib/thumb/v7e-m/fpv4-sp/hard/libc_nano.a(lib_a-locale.o)
 .rodata._ctype_
                0x000000000002b0d6      0x101 /Users/moizqureshi/gcc-arm-none-eabi-6-2017-q1-update/bin/../lib/gcc/arm-none-eabi/6.3.1/../../../../arm-none-eabi/lib/thumb/v7e-m/fpv4-sp/hard/libc_nano.a(lib_a-ctype_.o)
                0x000000000002b0d6                _ctype_
 .rodata._svfprintf_r.str1.1
                0x000000000002b1d7       0x11 /Users/moizqureshi/gcc-arm-none-eabi-6-2017-q1-update/bin/../lib/gcc/arm-none-eabi/6.3.1/../../../../arm-none-eabi/lib/thumb/v7e-m/fpv4-sp/hard/libc_nano.a(lib_a-nano-svfprintf.o)
 .rodata._printf_i.str1.1
                0x000000000002b1e8       0x22 /Users/moizqureshi/gcc-arm-none-eabi-6-2017-q1-update/bin/../lib/gcc/arm-none-eabi/6.3.1/../../../../arm-none-eabi/lib/thumb/v7e-m/fpv4-sp/hard/libc_nano.a(lib_a-nano-vfprintf_i.o)
 *(.eh_frame*)
 *fill*         0x000000000002b20a        0x2 
 .eh_frame      0x000000000002b20c        0x0 /Users/moizqureshi/gcc-arm-none-eabi-6-2017-q1-update/bin/../lib/gcc/arm-none-eabi/6.3.1/thumb/v7e-m/fpv4-sp/hard/crtbegin.o
 .eh_frame      0x000000000002b20c        0x4 /Users/moizqureshi/gcc-arm-none-eabi-6-2017-q1-update/bin/../lib/gcc/arm-none-eabi/6.3.1/thumb/v7e-m/fpv4-sp/hard/crtend.o

.glue_7         0x000000000002b210        0x0
 .glue_7        0x000000000002b210        0x0 linker stubs

.glue_7t        0x000000000002b210        0x0
 .glue_7t       0x000000000002b210        0x0 linker stubs

.vfp11_veneer   0x000000000002b210        0x0
 .vfp11_veneer  0x000000000002b210        0x0 linker stubs

.v4_bx          0x000000000002b210        0x0
 .v4_bx         0x000000000002b210        0x0 linker stubs

.iplt           0x000000000002b210        0x0
 .iplt          0x000000000002b210        0x0 /Users/moizqureshi/gcc-arm-none-eabi-6-2017-q1-update/bin/../lib/gcc/arm-none-eabi/6.3.1/thumb/v7e-m/fpv4-sp/hard/crtbegin.o

.pwr_mgmt_data  0x000000000002b210        0x0
                [!provide]                        PROVIDE (__start_pwr_mgmt_data, .)
 *(SORT(.pwr_mgmt_data*))
                [!provide]                        PROVIDE (__stop_pwr_mgmt_data, .)

.ARM.extab
 *(.ARM.extab* .gnu.linkonce.armextab.*)
                0x000000000002b210                __exidx_start = .

.ARM.exidx      0x000000000002b210        0x8
 *(.ARM.exidx* .gnu.linkonce.armexidx.*)
 .ARM.exidx     0x000000000002b210        0x8 /Users/moizqureshi/gcc-arm-none-eabi-6-2017-q1-update/bin/../lib/gcc/arm-none-eabi/6.3.1/../../../../arm-none-eabi/lib/thumb/v7e-m/fpv4-sp/hard/crt0.o
 .ARM.exidx     0x000000000002b218        0x0 /Users/moizqureshi/gcc-arm-none-eabi-6-2017-q1-update/bin/../lib/gcc/arm-none-eabi/6.3.1/thumb/v7e-m/fpv4-sp/hard/libgcc.a(_udivmoddi4.o)
                                          0x8 (size before relaxing)
                0x000000000002b218                __exidx_end = .
                0x000000000002b218                __etext = .

.rel.dyn        0x000000000002b218        0x0
 .rel.iplt      0x000000000002b218        0x0 /Users/moizqureshi/gcc-arm-none-eabi-6-2017-q1-update/bin/../lib/gcc/arm-none-eabi/6.3.1/thumb/v7e-m/fpv4-sp/hard/crtbegin.o

.data           0x0000000020001fc0      0x1f8 load address 0x000000000002b218
                0x0000000020001fc0                __data_start__ = .
 *(vtable)
 *(.data*)
 .data._impure_ptr
                0x0000000020001fc0        0x4 /Users/moizqureshi/gcc-arm-none-eabi-6-2017-q1-update/bin/../lib/gcc/arm-none-eabi/6.3.1/../../../../arm-none-eabi/lib/thumb/v7e-m/fpv4-sp/hard/libc_nano.a(lib_a-impure.o)
                0x0000000020001fc0                _impure_ptr
 .data.impure_data
                0x0000000020001fc4       0x60 /Users/moizqureshi/gcc-arm-none-eabi-6-2017-q1-update/bin/../lib/gcc/arm-none-eabi/6.3.1/../../../../arm-none-eabi/lib/thumb/v7e-m/fpv4-sp/hard/libc_nano.a(lib_a-impure.o)
 .data.m_uart   0x0000000020002024        0x8 _build/nrf52832_xxaa_nrf_log_backend_serial.c.o
 .data.m_adv_uuids
                0x000000002000202c        0x4 _build/nrf52832_xxaa_main.c.o
 .data.m_conn_handle
                0x0000000020002030        0x2 _build/nrf52832_xxaa_main.c.o
 .data.m_flag_sec_proc
                0x0000000020002032        0x1 _build/nrf52832_xxaa_security_dispatcher.c.o
 .data.m_flag_sec_proc_new_peer
                0x0000000020002033        0x1 _build/nrf52832_xxaa_security_dispatcher.c.o
 .data.m_flag_sec_proc_pairing
                0x0000000020002034        0x1 _build/nrf52832_xxaa_security_dispatcher.c.o
 .data.m_flag_link_secure_force_repairing
                0x0000000020002035        0x1 _build/nrf52832_xxaa_security_manager.c.o
 .data.m_flag_link_secure_null_params
                0x0000000020002036        0x1 _build/nrf52832_xxaa_security_manager.c.o
 .data.m_flag_link_secure_pending_busy
                0x0000000020002037        0x1 _build/nrf52832_xxaa_security_manager.c.o
 .data.m_flag_link_secure_pending_flash_full
                0x0000000020002038        0x1 _build/nrf52832_xxaa_security_manager.c.o
 .data.m_flag_params_reply_pending_busy
                0x0000000020002039        0x1 _build/nrf52832_xxaa_security_manager.c.o
 .data.m_flag_params_reply_pending_flash_full
                0x000000002000203a        0x1 _build/nrf52832_xxaa_security_manager.c.o
 .data.m_flag_reject_pairing
                0x000000002000203b        0x1 _build/nrf52832_xxaa_security_manager.c.o
 .data.SystemCoreClock
                0x000000002000203c        0x4 _build/nrf52832_xxaa_system_nrf52.c.o
                0x000000002000203c                SystemCoreClock
 .data.__global_locale
                0x0000000020002040      0x16c /Users/moizqureshi/gcc-arm-none-eabi-6-2017-q1-update/bin/../lib/gcc/arm-none-eabi/6.3.1/../../../../arm-none-eabi/lib/thumb/v7e-m/fpv4-sp/hard/libc_nano.a(lib_a-locale.o)
                0x0000000020002040                __global_locale
                0x00000000200021ac                . = ALIGN (0x4)
                0x00000000200021ac                PROVIDE (__preinit_array_start, .)
 *(.preinit_array)
                0x00000000200021ac                PROVIDE (__preinit_array_end, .)
                0x00000000200021ac                . = ALIGN (0x4)
                0x00000000200021ac                PROVIDE (__init_array_start, .)
 *(SORT(.init_array.*))
 *(.init_array)
 .init_array    0x00000000200021ac        0x4 /Users/moizqureshi/gcc-arm-none-eabi-6-2017-q1-update/bin/../lib/gcc/arm-none-eabi/6.3.1/thumb/v7e-m/fpv4-sp/hard/crtbegin.o
                0x00000000200021b0                PROVIDE (__init_array_end, .)
                0x00000000200021b0                . = ALIGN (0x4)
                [!provide]                        PROVIDE (__fini_array_start, .)
 *(SORT(.fini_array.*))
 *(.fini_array)
 .fini_array    0x00000000200021b0        0x4 /Users/moizqureshi/gcc-arm-none-eabi-6-2017-q1-update/bin/../lib/gcc/arm-none-eabi/6.3.1/thumb/v7e-m/fpv4-sp/hard/crtbegin.o
                [!provide]                        PROVIDE (__fini_array_end, .)
 *(.jcr*)
 .jcr           0x00000000200021b4        0x0 /Users/moizqureshi/gcc-arm-none-eabi-6-2017-q1-update/bin/../lib/gcc/arm-none-eabi/6.3.1/thumb/v7e-m/fpv4-sp/hard/crtbegin.o
 .jcr           0x00000000200021b4        0x4 /Users/moizqureshi/gcc-arm-none-eabi-6-2017-q1-update/bin/../lib/gcc/arm-none-eabi/6.3.1/thumb/v7e-m/fpv4-sp/hard/crtend.o
                0x00000000200021b8                . = ALIGN (0x4)
                0x00000000200021b8                __data_end__ = .
LOAD /Users/moizqureshi/gcc-arm-none-eabi-6-2017-q1-update/bin/../lib/gcc/arm-none-eabi/6.3.1/thumb/v7e-m/fpv4-sp/hard/crti.o
LOAD /Users/moizqureshi/gcc-arm-none-eabi-6-2017-q1-update/bin/../lib/gcc/arm-none-eabi/6.3.1/thumb/v7e-m/fpv4-sp/hard/crtbegin.o
LOAD /Users/moizqureshi/gcc-arm-none-eabi-6-2017-q1-update/bin/../lib/gcc/arm-none-eabi/6.3.1/../../../../arm-none-eabi/lib/thumb/v7e-m/fpv4-sp/hard/crt0.o
LOAD /Users/moizqureshi/gcc-arm-none-eabi-6-2017-q1-update/bin/../lib/gcc/arm-none-eabi/6.3.1/../../../../arm-none-eabi/lib/thumb/v7e-m/fpv4-sp/hard/libc_nano.a
LOAD /Users/moizqureshi/gcc-arm-none-eabi-6-2017-q1-update/bin/../lib/gcc/arm-none-eabi/6.3.1/../../../../arm-none-eabi/lib/thumb/v7e-m/fpv4-sp/hard/libnosys.a
LOAD _build/nrf52832_xxaa_nrf_log_backend_serial.c.o
LOAD _build/nrf52832_xxaa_nrf_log_frontend.c.o
LOAD _build/nrf52832_xxaa_app_button.c.o
LOAD _build/nrf52832_xxaa_app_error.c.o
LOAD _build/nrf52832_xxaa_app_error_weak.c.o
LOAD _build/nrf52832_xxaa_app_scheduler.c.o
LOAD _build/nrf52832_xxaa_app_timer.c.o
LOAD _build/nrf52832_xxaa_app_util_platform.c.o
LOAD _build/nrf52832_xxaa_crc16.c.o
LOAD _build/nrf52832_xxaa_fds.c.o
LOAD _build/nrf52832_xxaa_fstorage.c.o
LOAD _build/nrf52832_xxaa_hardfault_implementation.c.o
LOAD _build/nrf52832_xxaa_nrf_assert.c.o
LOAD _build/nrf52832_xxaa_nrf_strerror.c.o
LOAD _build/nrf52832_xxaa_sdk_mapped_flags.c.o
LOAD _build/nrf52832_xxaa_sensorsim.c.o
LOAD _build/nrf52832_xxaa_boards.c.o
LOAD _build/nrf52832_xxaa_nrf_drv_clock.c.o
LOAD _build/nrf52832_xxaa_nrf_drv_common.c.o
LOAD _build/nrf52832_xxaa_nrf_drv_gpiote.c.o
LOAD _build/nrf52832_xxaa_nrf_drv_uart.c.o
LOAD _build/nrf52832_xxaa_bsp.c.o
LOAD _build/nrf52832_xxaa_bsp_btn_ble.c.o
LOAD _build/nrf52832_xxaa_bsp_nfc.c.o
LOAD _build/nrf52832_xxaa_main.c.o
LOAD _build/nrf52832_xxaa_RTT_Syscalls_GCC.c.o
LOAD _build/nrf52832_xxaa_SEGGER_RTT.c.o
LOAD _build/nrf52832_xxaa_SEGGER_RTT_printf.c.o
LOAD _build/nrf52832_xxaa_ble_advdata.c.o
LOAD _build/nrf52832_xxaa_ble_advertising.c.o
LOAD _build/nrf52832_xxaa_ble_conn_params.c.o
LOAD _build/nrf52832_xxaa_ble_conn_state.c.o
LOAD _build/nrf52832_xxaa_ble_srv_common.c.o
LOAD _build/nrf52832_xxaa_gatt_cache_manager.c.o
LOAD _build/nrf52832_xxaa_gatts_cache_manager.c.o
LOAD _build/nrf52832_xxaa_id_manager.c.o
LOAD _build/nrf52832_xxaa_nrf_ble_gatt.c.o
LOAD _build/nrf52832_xxaa_peer_data_storage.c.o
LOAD _build/nrf52832_xxaa_peer_database.c.o
LOAD _build/nrf52832_xxaa_peer_id.c.o
LOAD _build/nrf52832_xxaa_peer_manager.c.o
LOAD _build/nrf52832_xxaa_pm_buffer.c.o
LOAD _build/nrf52832_xxaa_pm_mutex.c.o
LOAD _build/nrf52832_xxaa_security_dispatcher.c.o
LOAD _build/nrf52832_xxaa_security_manager.c.o
LOAD _build/nrf52832_xxaa_gcc_startup_nrf52.S.o
LOAD _build/nrf52832_xxaa_system_nrf52.c.o
LOAD _build/nrf52832_xxaa_softdevice_handler.c.o
LOAD /Users/moizqureshi/gcc-arm-none-eabi-6-2017-q1-update/bin/../lib/gcc/arm-none-eabi/6.3.1/../../../../arm-none-eabi/lib/thumb/v7e-m/fpv4-sp/hard/libm.a
START GROUP
LOAD /Users/moizqureshi/gcc-arm-none-eabi-6-2017-q1-update/bin/../lib/gcc/arm-none-eabi/6.3.1/thumb/v7e-m/fpv4-sp/hard/libgcc.a
LOAD /Users/moizqureshi/gcc-arm-none-eabi-6-2017-q1-update/bin/../lib/gcc/arm-none-eabi/6.3.1/../../../../arm-none-eabi/lib/thumb/v7e-m/fpv4-sp/hard/libc_nano.a
END GROUP
START GROUP
LOAD /Users/moizqureshi/gcc-arm-none-eabi-6-2017-q1-update/bin/../lib/gcc/arm-none-eabi/6.3.1/thumb/v7e-m/fpv4-sp/hard/libgcc.a
LOAD /Users/moizqureshi/gcc-arm-none-eabi-6-2017-q1-update/bin/../lib/gcc/arm-none-eabi/6.3.1/../../../../arm-none-eabi/lib/thumb/v7e-m/fpv4-sp/hard/libc_nano.a
END GROUP
LOAD /Users/moizqureshi/gcc-arm-none-eabi-6-2017-q1-update/bin/../lib/gcc/arm-none-eabi/6.3.1/thumb/v7e-m/fpv4-sp/hard/crtend.o
LOAD /Users/moizqureshi/gcc-arm-none-eabi-6-2017-q1-update/bin/../lib/gcc/arm-none-eabi/6.3.1/thumb/v7e-m/fpv4-sp/hard/crtn.o
START GROUP
LOAD /Users/moizqureshi/gcc-arm-none-eabi-6-2017-q1-update/bin/../lib/gcc/arm-none-eabi/6.3.1/thumb/v7e-m/fpv4-sp/hard/libgcc.a
LOAD /Users/moizqureshi/gcc-arm-none-eabi-6-2017-q1-update/bin/../lib/gcc/arm-none-eabi/6.3.1/../../../../arm-none-eabi/lib/thumb/v7e-m/fpv4-sp/hard/libc.a
LOAD /Users/moizqureshi/gcc-arm-none-eabi-6-2017-q1-update/bin/../lib/gcc/arm-none-eabi/6.3.1/../../../../arm-none-eabi/lib/thumb/v7e-m/fpv4-sp/hard/libnosys.a
END GROUP

.igot.plt       0x00000000200021b8        0x0 load address 0x000000000002b410
 .igot.plt      0x00000000200021b8        0x0 /Users/moizqureshi/gcc-arm-none-eabi-6-2017-q1-update/bin/../lib/gcc/arm-none-eabi/6.3.1/thumb/v7e-m/fpv4-sp/hard/crtbegin.o

.fs_data        0x00000000200021b8       0x10 load address 0x000000000002b410
                0x00000000200021b8                PROVIDE (__start_fs_data, .)
 *(.fs_data)
 .fs_data       0x00000000200021b8       0x10 _build/nrf52832_xxaa_fds.c.o
                0x00000000200021c8                PROVIDE (__stop_fs_data, .)

.bss            0x00000000200021c8     0x10c4 load address 0x000000000002b420
                0x00000000200021c8                . = ALIGN (0x4)
                0x00000000200021c8                __bss_start__ = .
 *(.bss*)
 .bss           0x00000000200021c8       0x1c /Users/moizqureshi/gcc-arm-none-eabi-6-2017-q1-update/bin/../lib/gcc/arm-none-eabi/6.3.1/thumb/v7e-m/fpv4-sp/hard/crtbegin.o
 .bss.m_blocking_mode
                0x00000000200021e4        0x1 _build/nrf52832_xxaa_nrf_log_backend_serial.c.o
 .bss.m_initialized
                0x00000000200021e5        0x1 _build/nrf52832_xxaa_nrf_log_backend_serial.c.o
 .bss.m_rx_done
                0x00000000200021e6        0x1 _build/nrf52832_xxaa_nrf_log_backend_serial.c.o
 *fill*         0x00000000200021e7        0x1 
 .bss.m_uart_buffer
                0x00000000200021e8      0x100 _build/nrf52832_xxaa_nrf_log_backend_serial.c.o
 .bss.m_log_data
                0x00000000200022e8      0x418 _build/nrf52832_xxaa_nrf_log_frontend.c.o
 .bss.m_button_count
                0x0000000020002700        0x1 _build/nrf52832_xxaa_app_button.c.o
 *fill*         0x0000000020002701        0x3 
 .bss.m_detection_delay
                0x0000000020002704        0x4 _build/nrf52832_xxaa_app_button.c.o
 .bss.m_detection_delay_timer_id_data
                0x0000000020002708       0x20 _build/nrf52832_xxaa_app_button.c.o
 .bss.m_pin_state
                0x0000000020002728        0x4 _build/nrf52832_xxaa_app_button.c.o
 .bss.m_pin_transition
                0x000000002000272c        0x4 _build/nrf52832_xxaa_app_button.c.o
 .bss.mp_buttons
                0x0000000020002730        0x4 _build/nrf52832_xxaa_app_button.c.o
 .bss.m_op_queue
                0x0000000020002734      0x10c _build/nrf52832_xxaa_app_timer.c.o
 .bss.m_rtc1_reset
                0x0000000020002840        0x1 _build/nrf52832_xxaa_app_timer.c.o
 .bss.m_rtc1_running
                0x0000000020002841        0x1 _build/nrf52832_xxaa_app_timer.c.o
 *fill*         0x0000000020002842        0x2 
 .bss.m_ticks_elapsed
                0x0000000020002844        0x8 _build/nrf52832_xxaa_app_timer.c.o
 .bss.m_ticks_elapsed_q_read_ind
                0x000000002000284c        0x1 _build/nrf52832_xxaa_app_timer.c.o
 .bss.m_ticks_elapsed_q_write_ind
                0x000000002000284d        0x1 _build/nrf52832_xxaa_app_timer.c.o
 *fill*         0x000000002000284e        0x2 
 .bss.m_ticks_latest
                0x0000000020002850        0x4 _build/nrf52832_xxaa_app_timer.c.o
 .bss.mp_timer_id_head
                0x0000000020002854        0x4 _build/nrf52832_xxaa_app_timer.c.o
 .bss.desc.8854
                0x0000000020002858        0xc _build/nrf52832_xxaa_fds.c.o
 .bss.m_cb_table
                0x0000000020002864       0x20 _build/nrf52832_xxaa_fds.c.o
 .bss.m_chunk_queue
                0x0000000020002884       0x48 _build/nrf52832_xxaa_fds.c.o
 .bss.m_flags   0x00000000200028cc        0x1 _build/nrf52832_xxaa_fds.c.o
 *fill*         0x00000000200028cd        0x3 
 .bss.m_gc      0x00000000200028d0       0x10 _build/nrf52832_xxaa_fds.c.o
 .bss.m_latest_rec_id
                0x00000000200028e0        0x4 _build/nrf52832_xxaa_fds.c.o
 .bss.m_op_queue
                0x00000000200028e4       0x78 _build/nrf52832_xxaa_fds.c.o
 .bss.m_pages   0x000000002000295c       0x20 _build/nrf52832_xxaa_fds.c.o
 .bss.m_swap_page
                0x000000002000297c        0x8 _build/nrf52832_xxaa_fds.c.o
 .bss.m_users   0x0000000020002984        0x1 _build/nrf52832_xxaa_fds.c.o
 *fill*         0x0000000020002985        0x1 
 .bss.page.8855
                0x0000000020002986        0x2 _build/nrf52832_xxaa_fds.c.o
 .bss.tok.8760  0x0000000020002988        0x8 _build/nrf52832_xxaa_fds.c.o
 .bss.m_flags   0x0000000020002990        0x1 _build/nrf52832_xxaa_fstorage.c.o
 *fill*         0x0000000020002991        0x3 
 .bss.m_queue   0x0000000020002994       0x68 _build/nrf52832_xxaa_fstorage.c.o
 .bss.m_retry_count
                0x00000000200029fc        0x1 _build/nrf52832_xxaa_fstorage.c.o
 *fill*         0x00000000200029fd        0x3 
 .bss.m_clock_cb
                0x0000000020002a00       0x14 _build/nrf52832_xxaa_nrf_drv_clock.c.o
 .bss.m_cb      0x0000000020002a14       0x58 _build/nrf52832_xxaa_nrf_drv_gpiote.c.o
 .bss.m_cb      0x0000000020002a6c       0x20 _build/nrf52832_xxaa_nrf_drv_uart.c.o
 .bss.current_long_push_pin_no.8423
                0x0000000020002a8c        0x1 _build/nrf52832_xxaa_bsp.c.o
 .bss.m_alert_on
                0x0000000020002a8d        0x1 _build/nrf52832_xxaa_bsp.c.o
 *fill*         0x0000000020002a8e        0x2 
 .bss.m_alert_timer_id_data
                0x0000000020002a90       0x20 _build/nrf52832_xxaa_bsp.c.o
 .bss.m_button_timer_id_data
                0x0000000020002ab0       0x20 _build/nrf52832_xxaa_bsp.c.o
 .bss.m_events_list
                0x0000000020002ad0        0xc _build/nrf52832_xxaa_bsp.c.o
 .bss.m_indication_type
                0x0000000020002adc        0x4 _build/nrf52832_xxaa_bsp.c.o
 .bss.m_leds_clear
                0x0000000020002ae0        0x1 _build/nrf52832_xxaa_bsp.c.o
 *fill*         0x0000000020002ae1        0x3 
 .bss.m_leds_timer_id_data
                0x0000000020002ae4       0x20 _build/nrf52832_xxaa_bsp.c.o
 .bss.m_registered_callback
                0x0000000020002b04        0x4 _build/nrf52832_xxaa_bsp.c.o
 .bss.m_stable_state
                0x0000000020002b08        0x1 _build/nrf52832_xxaa_bsp.c.o
 *fill*         0x0000000020002b09        0x3 
 .bss.release_event_at_push.8424
                0x0000000020002b0c        0x4 _build/nrf52832_xxaa_bsp.c.o
 .bss.m_error_handler
                0x0000000020002b10        0x4 _build/nrf52832_xxaa_bsp_btn_ble.c.o
 .bss.m_num_connections
                0x0000000020002b14        0x4 _build/nrf52832_xxaa_bsp_btn_ble.c.o
 .bss.BLE_EVT_BUFFER.11273
                0x0000000020002b18       0x50 _build/nrf52832_xxaa_main.c.o
 .bss.m_gatt    0x0000000020002b68       0x1c _build/nrf52832_xxaa_main.c.o
 .bss.m_adv_evt
                0x0000000020002b84        0x1 _build/nrf52832_xxaa_ble_advertising.c.o
 .bss.m_adv_mode_current
                0x0000000020002b85        0x1 _build/nrf52832_xxaa_ble_advertising.c.o
 *fill*         0x0000000020002b86        0x2 
 .bss.m_adv_modes_config
                0x0000000020002b88       0x20 _build/nrf52832_xxaa_ble_advertising.c.o
 .bss.m_advdata
                0x0000000020002ba8       0x3c _build/nrf52832_xxaa_ble_advertising.c.o
 .bss.m_advertising_start_pending
                0x0000000020002be4        0x1 _build/nrf52832_xxaa_ble_advertising.c.o
 .bss.m_conn_cfg_tag
                0x0000000020002be5        0x1 _build/nrf52832_xxaa_ble_advertising.c.o
 .bss.m_current_slave_link_conn_handle
                0x0000000020002be6        0x2 _build/nrf52832_xxaa_ble_advertising.c.o
 .bss.m_error_handler
                0x0000000020002be8        0x4 _build/nrf52832_xxaa_ble_advertising.c.o
 .bss.m_evt_handler
                0x0000000020002bec        0x4 _build/nrf52832_xxaa_ble_advertising.c.o
 .bss.m_initialized
                0x0000000020002bf0        0x1 _build/nrf52832_xxaa_ble_advertising.c.o
 *fill*         0x0000000020002bf1        0x3 
 .bss.m_manuf_data_array
                0x0000000020002bf4       0x1f _build/nrf52832_xxaa_ble_advertising.c.o
 *fill*         0x0000000020002c13        0x1 
 .bss.m_manuf_specific_data
                0x0000000020002c14        0xc _build/nrf52832_xxaa_ble_advertising.c.o
 .bss.m_peer_addr_reply_expected
                0x0000000020002c20        0x1 _build/nrf52832_xxaa_ble_advertising.c.o
 *fill*         0x0000000020002c21        0x3 
 .bss.m_peer_address
                0x0000000020002c24        0x7 _build/nrf52832_xxaa_ble_advertising.c.o
 *fill*         0x0000000020002c2b        0x1 
 .bss.m_service_data
                0x0000000020002c2c        0xc _build/nrf52832_xxaa_ble_advertising.c.o
 .bss.m_service_data_array
                0x0000000020002c38       0x1f _build/nrf52832_xxaa_ble_advertising.c.o
 *fill*         0x0000000020002c57        0x1 
 .bss.m_slave_conn_int
                0x0000000020002c58        0x4 _build/nrf52832_xxaa_ble_advertising.c.o
 .bss.m_whitelist_in_use
                0x0000000020002c5c        0x1 _build/nrf52832_xxaa_ble_advertising.c.o
 .bss.m_whitelist_reply_expected
                0x0000000020002c5d        0x1 _build/nrf52832_xxaa_ble_advertising.c.o
 .bss.m_whitelist_temporarily_disabled
                0x0000000020002c5e        0x1 _build/nrf52832_xxaa_ble_advertising.c.o
 .bss.m_change_param
                0x0000000020002c5f        0x1 _build/nrf52832_xxaa_ble_conn_params.c.o
 .bss.m_conn_handle
                0x0000000020002c60        0x2 _build/nrf52832_xxaa_ble_conn_params.c.o
 *fill*         0x0000000020002c62        0x2 
 .bss.m_conn_params_config
                0x0000000020002c64       0x1c _build/nrf52832_xxaa_ble_conn_params.c.o
 .bss.m_conn_params_timer_id_data
                0x0000000020002c80       0x20 _build/nrf52832_xxaa_ble_conn_params.c.o
 .bss.m_current_conn_params
                0x0000000020002ca0        0x8 _build/nrf52832_xxaa_ble_conn_params.c.o
 .bss.m_preferred_conn_params
                0x0000000020002ca8        0x8 _build/nrf52832_xxaa_ble_conn_params.c.o
 .bss.m_update_count
                0x0000000020002cb0        0x1 _build/nrf52832_xxaa_ble_conn_params.c.o
 *fill*         0x0000000020002cb1        0x3 
 .bss.m_bcs     0x0000000020002cb4       0xb8 _build/nrf52832_xxaa_ble_conn_state.c.o
 .bss.m_flag_local_db_apply_pending
                0x0000000020002d6c        0x1 _build/nrf52832_xxaa_gatt_cache_manager.c.o
 .bss.m_flag_local_db_update_pending
                0x0000000020002d6d        0x1 _build/nrf52832_xxaa_gatt_cache_manager.c.o
 .bss.m_flag_service_changed_pending
                0x0000000020002d6e        0x1 _build/nrf52832_xxaa_gatt_cache_manager.c.o
 .bss.m_flag_service_changed_sent
                0x0000000020002d6f        0x1 _build/nrf52832_xxaa_gatt_cache_manager.c.o
 .bss.m_current_sc_store_peer_id
                0x0000000020002d70        0x2 _build/nrf52832_xxaa_gatts_cache_manager.c.o
 .bss.start_handle.9649
                0x0000000020002d72        0x2 _build/nrf52832_xxaa_gatts_cache_manager.c.o
 .bss.m_conn_state_user_flag_id
                0x0000000020002d74        0x1 _build/nrf52832_xxaa_id_manager.c.o
 *fill*         0x0000000020002d75        0x3 
 .bss.m_connections
                0x0000000020002d78       0xf0 _build/nrf52832_xxaa_id_manager.c.o
 .bss.m_fds_ftok
                0x0000000020002e68        0x8 _build/nrf52832_xxaa_peer_data_storage.c.o
 .bss.m_peer_delete_ongoing
                0x0000000020002e70        0x1 _build/nrf52832_xxaa_peer_data_storage.c.o
 .bss.m_peer_delete_queued
                0x0000000020002e71        0x1 _build/nrf52832_xxaa_peer_data_storage.c.o
 *fill*         0x0000000020002e72        0x2 
 .bss.buffer_memory.9671
                0x0000000020002e74      0x280 _build/nrf52832_xxaa_peer_database.c.o
 .bss.m_n_writes
                0x00000000200030f4        0x4 _build/nrf52832_xxaa_peer_database.c.o
 .bss.m_write_buffer
                0x00000000200030f8       0x10 _build/nrf52832_xxaa_peer_database.c.o
 .bss.m_write_buffer_records
                0x0000000020003108       0xa0 _build/nrf52832_xxaa_peer_database.c.o
 .bss.mutex_memory.9672
                0x00000000200031a8        0x1 _build/nrf52832_xxaa_peer_database.c.o
 *fill*         0x00000000200031a9        0x3 
 .bss.m_pi      0x00000000200031ac       0x40 _build/nrf52832_xxaa_peer_id.c.o
 .bss.m_bonding_flag_id
                0x00000000200031ec        0x1 _build/nrf52832_xxaa_peer_manager.c.o
 *fill*         0x00000000200031ed        0x3 
 .bss.m_current_highest_peer_rank
                0x00000000200031f0        0x4 _build/nrf52832_xxaa_peer_manager.c.o
 .bss.m_deleting_all
                0x00000000200031f4        0x1 _build/nrf52832_xxaa_peer_manager.c.o
 *fill*         0x00000000200031f5        0x3 
 .bss.m_evt_handlers
                0x00000000200031f8        0xc _build/nrf52832_xxaa_peer_manager.c.o
 .bss.m_highest_ranked_peer
                0x0000000020003204        0x2 _build/nrf52832_xxaa_peer_manager.c.o
 .bss.m_module_initialized
                0x0000000020003206        0x1 _build/nrf52832_xxaa_peer_manager.c.o
 .bss.m_n_registrants
                0x0000000020003207        0x1 _build/nrf52832_xxaa_peer_manager.c.o
 .bss.m_pairing_flag_id
                0x0000000020003208        0x1 _build/nrf52832_xxaa_peer_manager.c.o
 .bss.m_peer_rank_initialized
                0x0000000020003209        0x1 _build/nrf52832_xxaa_peer_manager.c.o
 *fill*         0x000000002000320a        0x2 
 .bss.m_peer_rank_token
                0x000000002000320c        0x4 _build/nrf52832_xxaa_peer_manager.c.o
 .bss.m_peer_pk
                0x0000000020003210       0x40 _build/nrf52832_xxaa_security_dispatcher.c.o
 .bss.m_p_public_key
                0x0000000020003250        0x4 _build/nrf52832_xxaa_security_manager.c.o
 .bss.m_sec_params
                0x0000000020003254        0x5 _build/nrf52832_xxaa_security_manager.c.o
 .bss.m_sec_params_valid
                0x0000000020003259        0x1 _build/nrf52832_xxaa_security_manager.c.o
 .bss.m_ble_evt_buffer_size
                0x000000002000325a        0x2 _build/nrf52832_xxaa_softdevice_handler.c.o
 .bss.m_ble_evt_handler
                0x000000002000325c        0x4 _build/nrf52832_xxaa_softdevice_handler.c.o
 .bss.m_evt_schedule_func
                0x0000000020003260        0x4 _build/nrf52832_xxaa_softdevice_handler.c.o
 .bss.m_softdevice_enabled
                0x0000000020003264        0x1 _build/nrf52832_xxaa_softdevice_handler.c.o
 .bss.m_suspended
                0x0000000020003265        0x1 _build/nrf52832_xxaa_softdevice_handler.c.o
 *fill*         0x0000000020003266        0x2 
 .bss.m_sys_evt_handler
                0x0000000020003268        0x4 _build/nrf52832_xxaa_softdevice_handler.c.o
 .bss.mp_ble_evt_buffer
                0x000000002000326c        0x4 _build/nrf52832_xxaa_softdevice_handler.c.o
 .bss.__malloc_free_list
                0x0000000020003270        0x4 /Users/moizqureshi/gcc-arm-none-eabi-6-2017-q1-update/bin/../lib/gcc/arm-none-eabi/6.3.1/../../../../arm-none-eabi/lib/thumb/v7e-m/fpv4-sp/hard/libc_nano.a(lib_a-nano-mallocr.o)
                0x0000000020003270                __malloc_free_list
 .bss.__malloc_sbrk_start
                0x0000000020003274        0x4 /Users/moizqureshi/gcc-arm-none-eabi-6-2017-q1-update/bin/../lib/gcc/arm-none-eabi/6.3.1/../../../../arm-none-eabi/lib/thumb/v7e-m/fpv4-sp/hard/libc_nano.a(lib_a-nano-mallocr.o)
                0x0000000020003274                __malloc_sbrk_start
 .bss.heap_end.5239
                0x0000000020003278        0x4 /Users/moizqureshi/gcc-arm-none-eabi-6-2017-q1-update/bin/../lib/gcc/arm-none-eabi/6.3.1/../../../../arm-none-eabi/lib/thumb/v7e-m/fpv4-sp/hard/libnosys.a(sbrk.o)
 *(COMMON)
 COMMON         0x000000002000327c        0xc _build/nrf52832_xxaa_app_util_platform.c.o
                0x000000002000327c                nrf_nvic_state
 COMMON         0x0000000020003288        0x4 /Users/moizqureshi/gcc-arm-none-eabi-6-2017-q1-update/bin/../lib/gcc/arm-none-eabi/6.3.1/../../../../arm-none-eabi/lib/thumb/v7e-m/fpv4-sp/hard/libc_nano.a(lib_a-reent.o)
                0x0000000020003288                errno
                0x000000002000328c                . = ALIGN (0x4)
                0x000000002000328c                __bss_end__ = .

.heap           0x0000000020003290     0x2000
                0x0000000020003290                __HeapBase = .
                0x0000000020003290                __end__ = .
                0x0000000020003290                PROVIDE (end, .)
 *(.heap*)
 .heap          0x0000000020003290     0x2000 _build/nrf52832_xxaa_gcc_startup_nrf52.S.o
                0x0000000020005290                __HeapLimit = .

.stack_dummy    0x0000000020003290     0x2000
 *(.stack*)
 .stack         0x0000000020003290     0x2000 _build/nrf52832_xxaa_gcc_startup_nrf52.S.o
                0x0000000020010000                __StackTop = (ORIGIN (RAM) + LENGTH (RAM))
                0x000000002000e000                __StackLimit = (__StackTop - SIZEOF (.stack_dummy))
                0x0000000020010000                PROVIDE (__stack, __StackTop)
                0x0000000000000001                ASSERT ((__StackLimit >= __HeapLimit), region RAM overflowed with stack)
OUTPUT(_build/nrf52832_xxaa.out elf32-littlearm)

.ARM.attributes
                0x0000000000000000       0x30
 .ARM.attributes
                0x0000000000000000       0x22 /Users/moizqureshi/gcc-arm-none-eabi-6-2017-q1-update/bin/../lib/gcc/arm-none-eabi/6.3.1/thumb/v7e-m/fpv4-sp/hard/crti.o
 .ARM.attributes
                0x0000000000000022       0x34 /Users/moizqureshi/gcc-arm-none-eabi-6-2017-q1-update/bin/../lib/gcc/arm-none-eabi/6.3.1/thumb/v7e-m/fpv4-sp/hard/crtbegin.o
 .ARM.attributes
                0x0000000000000056       0x20 /Users/moizqureshi/gcc-arm-none-eabi-6-2017-q1-update/bin/../lib/gcc/arm-none-eabi/6.3.1/../../../../arm-none-eabi/lib/thumb/v7e-m/fpv4-sp/hard/crt0.o
 .ARM.attributes
                0x0000000000000076       0x34 /Users/moizqureshi/gcc-arm-none-eabi-6-2017-q1-update/bin/../lib/gcc/arm-none-eabi/6.3.1/../../../../arm-none-eabi/lib/thumb/v7e-m/fpv4-sp/hard/libc_nano.a(lib_a-exit.o)
 .ARM.attributes
                0x00000000000000aa       0x34 /Users/moizqureshi/gcc-arm-none-eabi-6-2017-q1-update/bin/../lib/gcc/arm-none-eabi/6.3.1/../../../../arm-none-eabi/lib/thumb/v7e-m/fpv4-sp/hard/libc_nano.a(lib_a-impure.o)
 .ARM.attributes
                0x00000000000000de       0x34 /Users/moizqureshi/gcc-arm-none-eabi-6-2017-q1-update/bin/../lib/gcc/arm-none-eabi/6.3.1/../../../../arm-none-eabi/lib/thumb/v7e-m/fpv4-sp/hard/libc_nano.a(lib_a-init.o)
 .ARM.attributes
                0x0000000000000112       0x34 /Users/moizqureshi/gcc-arm-none-eabi-6-2017-q1-update/bin/../lib/gcc/arm-none-eabi/6.3.1/../../../../arm-none-eabi/lib/thumb/v7e-m/fpv4-sp/hard/libc_nano.a(lib_a-memset.o)
 .ARM.attributes
                0x0000000000000146       0x34 /Users/moizqureshi/gcc-arm-none-eabi-6-2017-q1-update/bin/../lib/gcc/arm-none-eabi/6.3.1/../../../../arm-none-eabi/lib/thumb/v7e-m/fpv4-sp/hard/libnosys.a(_exit.o)
 .ARM.attributes
                0x000000000000017a       0x39 _build/nrf52832_xxaa_nrf_log_backend_serial.c.o
 .ARM.attributes
                0x00000000000001b3       0x39 _build/nrf52832_xxaa_nrf_log_frontend.c.o
 .ARM.attributes
                0x00000000000001ec       0x39 _build/nrf52832_xxaa_app_button.c.o
 .ARM.attributes
                0x0000000000000225       0x39 _build/nrf52832_xxaa_app_error.c.o
 .ARM.attributes
                0x000000000000025e       0x39 _build/nrf52832_xxaa_app_error_weak.c.o
 .ARM.attributes
                0x0000000000000297       0x39 _build/nrf52832_xxaa_app_timer.c.o
 .ARM.attributes
                0x00000000000002d0       0x39 _build/nrf52832_xxaa_app_util_platform.c.o
 .ARM.attributes
                0x0000000000000309       0x39 _build/nrf52832_xxaa_fds.c.o
 .ARM.attributes
                0x0000000000000342       0x39 _build/nrf52832_xxaa_fstorage.c.o
 .ARM.attributes
                0x000000000000037b       0x39 _build/nrf52832_xxaa_sdk_mapped_flags.c.o
 .ARM.attributes
                0x00000000000003b4       0x39 _build/nrf52832_xxaa_boards.c.o
 .ARM.attributes
                0x00000000000003ed       0x39 _build/nrf52832_xxaa_nrf_drv_clock.c.o
 .ARM.attributes
                0x0000000000000426       0x39 _build/nrf52832_xxaa_nrf_drv_common.c.o
 .ARM.attributes
                0x000000000000045f       0x39 _build/nrf52832_xxaa_nrf_drv_gpiote.c.o
 .ARM.attributes
                0x0000000000000498       0x39 _build/nrf52832_xxaa_nrf_drv_uart.c.o
 .ARM.attributes
                0x00000000000004d1       0x39 _build/nrf52832_xxaa_bsp.c.o
 .ARM.attributes
                0x000000000000050a       0x39 _build/nrf52832_xxaa_bsp_btn_ble.c.o
 .ARM.attributes
                0x0000000000000543       0x39 _build/nrf52832_xxaa_main.c.o
 .ARM.attributes
                0x000000000000057c       0x39 _build/nrf52832_xxaa_ble_advdata.c.o
 .ARM.attributes
                0x00000000000005b5       0x39 _build/nrf52832_xxaa_ble_advertising.c.o
 .ARM.attributes
                0x00000000000005ee       0x39 _build/nrf52832_xxaa_ble_conn_params.c.o
 .ARM.attributes